Archive member included because of file (symbol)

c:/program files/gnu tools arm embedded/4.9 2015q1/bin/../lib/gcc/arm-none-eabi/4.9.3/../../../../arm-none-eabi/lib/armv7e-m\libc.a(lib_a-exit.o)
                              c:/program files/gnu tools arm embedded/4.9 2015q1/bin/../lib/gcc/arm-none-eabi/4.9.3/../../../../arm-none-eabi/lib/armv7e-m/crt0.o (exit)
c:/program files/gnu tools arm embedded/4.9 2015q1/bin/../lib/gcc/arm-none-eabi/4.9.3/../../../../arm-none-eabi/lib/armv7e-m\libc.a(lib_a-impure.o)
                              c:/program files/gnu tools arm embedded/4.9 2015q1/bin/../lib/gcc/arm-none-eabi/4.9.3/../../../../arm-none-eabi/lib/armv7e-m\libc.a(lib_a-exit.o) (_global_impure_ptr)
c:/program files/gnu tools arm embedded/4.9 2015q1/bin/../lib/gcc/arm-none-eabi/4.9.3/../../../../arm-none-eabi/lib/armv7e-m\libc.a(lib_a-init.o)
                              c:/program files/gnu tools arm embedded/4.9 2015q1/bin/../lib/gcc/arm-none-eabi/4.9.3/../../../../arm-none-eabi/lib/armv7e-m/crt0.o (__libc_init_array)
c:/program files/gnu tools arm embedded/4.9 2015q1/bin/../lib/gcc/arm-none-eabi/4.9.3/../../../../arm-none-eabi/lib/armv7e-m\libc.a(lib_a-memset.o)
                              c:/program files/gnu tools arm embedded/4.9 2015q1/bin/../lib/gcc/arm-none-eabi/4.9.3/../../../../arm-none-eabi/lib/armv7e-m/crt0.o (memset)
c:/program files/gnu tools arm embedded/4.9 2015q1/bin/../lib/gcc/arm-none-eabi/4.9.3/../../../../arm-none-eabi/lib/armv7e-m\libc.a(lib_a-__call_atexit.o)
                              c:/program files/gnu tools arm embedded/4.9 2015q1/bin/../lib/gcc/arm-none-eabi/4.9.3/../../../../arm-none-eabi/lib/armv7e-m\libc.a(lib_a-exit.o) (__call_exitprocs)
c:/program files/gnu tools arm embedded/4.9 2015q1/bin/../lib/gcc/arm-none-eabi/4.9.3/../../../../arm-none-eabi/lib/armv7e-m\libc.a(lib_a-atexit.o)
                              c:/program files/gnu tools arm embedded/4.9 2015q1/bin/../lib/gcc/arm-none-eabi/4.9.3/../../../../arm-none-eabi/lib/armv7e-m\libc.a(lib_a-__call_atexit.o) (atexit)
c:/program files/gnu tools arm embedded/4.9 2015q1/bin/../lib/gcc/arm-none-eabi/4.9.3/../../../../arm-none-eabi/lib/armv7e-m\libc.a(lib_a-fini.o)
                              c:/program files/gnu tools arm embedded/4.9 2015q1/bin/../lib/gcc/arm-none-eabi/4.9.3/../../../../arm-none-eabi/lib/armv7e-m\libc.a(lib_a-__call_atexit.o) (__libc_fini_array)
c:/program files/gnu tools arm embedded/4.9 2015q1/bin/../lib/gcc/arm-none-eabi/4.9.3/../../../../arm-none-eabi/lib/armv7e-m\libc.a(lib_a-__atexit.o)
                              c:/program files/gnu tools arm embedded/4.9 2015q1/bin/../lib/gcc/arm-none-eabi/4.9.3/../../../../arm-none-eabi/lib/armv7e-m\libc.a(lib_a-atexit.o) (__register_exitproc)

Discarded input sections

 .text          0x00000000        0x0 c:/program files/gnu tools arm embedded/4.9 2015q1/bin/../lib/gcc/arm-none-eabi/4.9.3/armv7e-m/crti.o
 .data          0x00000000        0x0 c:/program files/gnu tools arm embedded/4.9 2015q1/bin/../lib/gcc/arm-none-eabi/4.9.3/armv7e-m/crti.o
 .bss           0x00000000        0x0 c:/program files/gnu tools arm embedded/4.9 2015q1/bin/../lib/gcc/arm-none-eabi/4.9.3/armv7e-m/crti.o
 .data          0x00000000        0x4 c:/program files/gnu tools arm embedded/4.9 2015q1/bin/../lib/gcc/arm-none-eabi/4.9.3/armv7e-m/crtbegin.o
 .text          0x00000000       0x74 c:/program files/gnu tools arm embedded/4.9 2015q1/bin/../lib/gcc/arm-none-eabi/4.9.3/../../../../arm-none-eabi/lib/armv7e-m/crt0.o
 .data          0x00000000        0x0 c:/program files/gnu tools arm embedded/4.9 2015q1/bin/../lib/gcc/arm-none-eabi/4.9.3/../../../../arm-none-eabi/lib/armv7e-m/crt0.o
 .bss           0x00000000        0x0 c:/program files/gnu tools arm embedded/4.9 2015q1/bin/../lib/gcc/arm-none-eabi/4.9.3/../../../../arm-none-eabi/lib/armv7e-m/crt0.o
 .ARM.extab     0x00000000        0x0 c:/program files/gnu tools arm embedded/4.9 2015q1/bin/../lib/gcc/arm-none-eabi/4.9.3/../../../../arm-none-eabi/lib/armv7e-m/crt0.o
 .ARM.exidx     0x00000000        0x8 c:/program files/gnu tools arm embedded/4.9 2015q1/bin/../lib/gcc/arm-none-eabi/4.9.3/../../../../arm-none-eabi/lib/armv7e-m/crt0.o
 .ARM.attributes
                0x00000000       0x1c c:/program files/gnu tools arm embedded/4.9 2015q1/bin/../lib/gcc/arm-none-eabi/4.9.3/../../../../arm-none-eabi/lib/armv7e-m/crt0.o
 .text          0x00000000        0x0 c:/program files/gnu tools arm embedded/4.9 2015q1/bin/../lib/gcc/arm-none-eabi/4.9.3/../../../../arm-none-eabi/lib/armv7e-m\libc.a(lib_a-exit.o)
 .data          0x00000000        0x0 c:/program files/gnu tools arm embedded/4.9 2015q1/bin/../lib/gcc/arm-none-eabi/4.9.3/../../../../arm-none-eabi/lib/armv7e-m\libc.a(lib_a-exit.o)
 .bss           0x00000000        0x0 c:/program files/gnu tools arm embedded/4.9 2015q1/bin/../lib/gcc/arm-none-eabi/4.9.3/../../../../arm-none-eabi/lib/armv7e-m\libc.a(lib_a-exit.o)
 .text.exit     0x00000000       0x20 c:/program files/gnu tools arm embedded/4.9 2015q1/bin/../lib/gcc/arm-none-eabi/4.9.3/../../../../arm-none-eabi/lib/armv7e-m\libc.a(lib_a-exit.o)
 .debug_frame   0x00000000       0x28 c:/program files/gnu tools arm embedded/4.9 2015q1/bin/../lib/gcc/arm-none-eabi/4.9.3/../../../../arm-none-eabi/lib/armv7e-m\libc.a(lib_a-exit.o)
 .ARM.attributes
                0x00000000       0x2e c:/program files/gnu tools arm embedded/4.9 2015q1/bin/../lib/gcc/arm-none-eabi/4.9.3/../../../../arm-none-eabi/lib/armv7e-m\libc.a(lib_a-exit.o)
 .text          0x00000000        0x0 c:/program files/gnu tools arm embedded/4.9 2015q1/bin/../lib/gcc/arm-none-eabi/4.9.3/../../../../arm-none-eabi/lib/armv7e-m\libc.a(lib_a-impure.o)
 .data          0x00000000        0x0 c:/program files/gnu tools arm embedded/4.9 2015q1/bin/../lib/gcc/arm-none-eabi/4.9.3/../../../../arm-none-eabi/lib/armv7e-m\libc.a(lib_a-impure.o)
 .bss           0x00000000        0x0 c:/program files/gnu tools arm embedded/4.9 2015q1/bin/../lib/gcc/arm-none-eabi/4.9.3/../../../../arm-none-eabi/lib/armv7e-m\libc.a(lib_a-impure.o)
 .data._impure_ptr
                0x00000000        0x4 c:/program files/gnu tools arm embedded/4.9 2015q1/bin/../lib/gcc/arm-none-eabi/4.9.3/../../../../arm-none-eabi/lib/armv7e-m\libc.a(lib_a-impure.o)
 .ARM.attributes
                0x00000000       0x2e c:/program files/gnu tools arm embedded/4.9 2015q1/bin/../lib/gcc/arm-none-eabi/4.9.3/../../../../arm-none-eabi/lib/armv7e-m\libc.a(lib_a-impure.o)
 .text          0x00000000        0x0 c:/program files/gnu tools arm embedded/4.9 2015q1/bin/../lib/gcc/arm-none-eabi/4.9.3/../../../../arm-none-eabi/lib/armv7e-m\libc.a(lib_a-init.o)
 .data          0x00000000        0x0 c:/program files/gnu tools arm embedded/4.9 2015q1/bin/../lib/gcc/arm-none-eabi/4.9.3/../../../../arm-none-eabi/lib/armv7e-m\libc.a(lib_a-init.o)
 .bss           0x00000000        0x0 c:/program files/gnu tools arm embedded/4.9 2015q1/bin/../lib/gcc/arm-none-eabi/4.9.3/../../../../arm-none-eabi/lib/armv7e-m\libc.a(lib_a-init.o)
 .debug_frame   0x00000000       0x2c c:/program files/gnu tools arm embedded/4.9 2015q1/bin/../lib/gcc/arm-none-eabi/4.9.3/../../../../arm-none-eabi/lib/armv7e-m\libc.a(lib_a-init.o)
 .ARM.attributes
                0x00000000       0x2e c:/program files/gnu tools arm embedded/4.9 2015q1/bin/../lib/gcc/arm-none-eabi/4.9.3/../../../../arm-none-eabi/lib/armv7e-m\libc.a(lib_a-init.o)
 .text          0x00000000        0x0 c:/program files/gnu tools arm embedded/4.9 2015q1/bin/../lib/gcc/arm-none-eabi/4.9.3/../../../../arm-none-eabi/lib/armv7e-m\libc.a(lib_a-memset.o)
 .data          0x00000000        0x0 c:/program files/gnu tools arm embedded/4.9 2015q1/bin/../lib/gcc/arm-none-eabi/4.9.3/../../../../arm-none-eabi/lib/armv7e-m\libc.a(lib_a-memset.o)
 .bss           0x00000000        0x0 c:/program files/gnu tools arm embedded/4.9 2015q1/bin/../lib/gcc/arm-none-eabi/4.9.3/../../../../arm-none-eabi/lib/armv7e-m\libc.a(lib_a-memset.o)
 .text.memset   0x00000000       0x9c c:/program files/gnu tools arm embedded/4.9 2015q1/bin/../lib/gcc/arm-none-eabi/4.9.3/../../../../arm-none-eabi/lib/armv7e-m\libc.a(lib_a-memset.o)
 .debug_frame   0x00000000       0x34 c:/program files/gnu tools arm embedded/4.9 2015q1/bin/../lib/gcc/arm-none-eabi/4.9.3/../../../../arm-none-eabi/lib/armv7e-m\libc.a(lib_a-memset.o)
 .ARM.attributes
                0x00000000       0x2e c:/program files/gnu tools arm embedded/4.9 2015q1/bin/../lib/gcc/arm-none-eabi/4.9.3/../../../../arm-none-eabi/lib/armv7e-m\libc.a(lib_a-memset.o)
 .text          0x00000000        0x0 c:/program files/gnu tools arm embedded/4.9 2015q1/bin/../lib/gcc/arm-none-eabi/4.9.3/../../../../arm-none-eabi/lib/armv7e-m\libc.a(lib_a-__call_atexit.o)
 .data          0x00000000        0x0 c:/program files/gnu tools arm embedded/4.9 2015q1/bin/../lib/gcc/arm-none-eabi/4.9.3/../../../../arm-none-eabi/lib/armv7e-m\libc.a(lib_a-__call_atexit.o)
 .bss           0x00000000        0x0 c:/program files/gnu tools arm embedded/4.9 2015q1/bin/../lib/gcc/arm-none-eabi/4.9.3/../../../../arm-none-eabi/lib/armv7e-m\libc.a(lib_a-__call_atexit.o)
 .text.__call_exitprocs
                0x00000000       0xd4 c:/program files/gnu tools arm embedded/4.9 2015q1/bin/../lib/gcc/arm-none-eabi/4.9.3/../../../../arm-none-eabi/lib/armv7e-m\libc.a(lib_a-__call_atexit.o)
 .debug_frame   0x00000000       0x50 c:/program files/gnu tools arm embedded/4.9 2015q1/bin/../lib/gcc/arm-none-eabi/4.9.3/../../../../arm-none-eabi/lib/armv7e-m\libc.a(lib_a-__call_atexit.o)
 .ARM.attributes
                0x00000000       0x2e c:/program files/gnu tools arm embedded/4.9 2015q1/bin/../lib/gcc/arm-none-eabi/4.9.3/../../../../arm-none-eabi/lib/armv7e-m\libc.a(lib_a-__call_atexit.o)
 .text          0x00000000        0x0 c:/program files/gnu tools arm embedded/4.9 2015q1/bin/../lib/gcc/arm-none-eabi/4.9.3/../../../../arm-none-eabi/lib/armv7e-m\libc.a(lib_a-atexit.o)
 .data          0x00000000        0x0 c:/program files/gnu tools arm embedded/4.9 2015q1/bin/../lib/gcc/arm-none-eabi/4.9.3/../../../../arm-none-eabi/lib/armv7e-m\libc.a(lib_a-atexit.o)
 .bss           0x00000000        0x0 c:/program files/gnu tools arm embedded/4.9 2015q1/bin/../lib/gcc/arm-none-eabi/4.9.3/../../../../arm-none-eabi/lib/armv7e-m\libc.a(lib_a-atexit.o)
 .debug_frame   0x00000000       0x20 c:/program files/gnu tools arm embedded/4.9 2015q1/bin/../lib/gcc/arm-none-eabi/4.9.3/../../../../arm-none-eabi/lib/armv7e-m\libc.a(lib_a-atexit.o)
 .ARM.attributes
                0x00000000       0x2e c:/program files/gnu tools arm embedded/4.9 2015q1/bin/../lib/gcc/arm-none-eabi/4.9.3/../../../../arm-none-eabi/lib/armv7e-m\libc.a(lib_a-atexit.o)
 .text          0x00000000        0x0 c:/program files/gnu tools arm embedded/4.9 2015q1/bin/../lib/gcc/arm-none-eabi/4.9.3/../../../../arm-none-eabi/lib/armv7e-m\libc.a(lib_a-fini.o)
 .data          0x00000000        0x0 c:/program files/gnu tools arm embedded/4.9 2015q1/bin/../lib/gcc/arm-none-eabi/4.9.3/../../../../arm-none-eabi/lib/armv7e-m\libc.a(lib_a-fini.o)
 .bss           0x00000000        0x0 c:/program files/gnu tools arm embedded/4.9 2015q1/bin/../lib/gcc/arm-none-eabi/4.9.3/../../../../arm-none-eabi/lib/armv7e-m\libc.a(lib_a-fini.o)
 .debug_frame   0x00000000       0x34 c:/program files/gnu tools arm embedded/4.9 2015q1/bin/../lib/gcc/arm-none-eabi/4.9.3/../../../../arm-none-eabi/lib/armv7e-m\libc.a(lib_a-fini.o)
 .ARM.attributes
                0x00000000       0x2e c:/program files/gnu tools arm embedded/4.9 2015q1/bin/../lib/gcc/arm-none-eabi/4.9.3/../../../../arm-none-eabi/lib/armv7e-m\libc.a(lib_a-fini.o)
 .text          0x00000000        0x0 c:/program files/gnu tools arm embedded/4.9 2015q1/bin/../lib/gcc/arm-none-eabi/4.9.3/../../../../arm-none-eabi/lib/armv7e-m\libc.a(lib_a-__atexit.o)
 .data          0x00000000        0x0 c:/program files/gnu tools arm embedded/4.9 2015q1/bin/../lib/gcc/arm-none-eabi/4.9.3/../../../../arm-none-eabi/lib/armv7e-m\libc.a(lib_a-__atexit.o)
 .bss           0x00000000        0x0 c:/program files/gnu tools arm embedded/4.9 2015q1/bin/../lib/gcc/arm-none-eabi/4.9.3/../../../../arm-none-eabi/lib/armv7e-m\libc.a(lib_a-__atexit.o)
 .debug_frame   0x00000000       0x34 c:/program files/gnu tools arm embedded/4.9 2015q1/bin/../lib/gcc/arm-none-eabi/4.9.3/../../../../arm-none-eabi/lib/armv7e-m\libc.a(lib_a-__atexit.o)
 .ARM.attributes
                0x00000000       0x2e c:/program files/gnu tools arm embedded/4.9 2015q1/bin/../lib/gcc/arm-none-eabi/4.9.3/../../../../arm-none-eabi/lib/armv7e-m\libc.a(lib_a-__atexit.o)
 .text          0x00000000        0x0 ..\obj\assembly.o
 .data          0x00000000        0x0 ..\obj\assembly.o
 .bss           0x00000000        0x0 ..\obj\assembly.o
 .bss           0x00000000        0x0 ..\obj\system_stm32f4xx.o
 .data          0x00000000        0x0 ..\obj\stm32f4xx_hal_cortex.o
 .bss           0x00000000        0x0 ..\obj\stm32f4xx_hal_cortex.o
 .text          0x00000000      0x12c ..\obj\SDLED3.o
 .data          0x00000000        0x0 ..\obj\SDLED3.o
 .bss           0x00000000        0x8 ..\obj\SDLED3.o
 .debug_info    0x00000000      0x26a ..\obj\SDLED3.o
 .debug_abbrev  0x00000000      0x10f ..\obj\SDLED3.o
 .debug_aranges
                0x00000000       0x20 ..\obj\SDLED3.o
 .debug_line    0x00000000      0x2a7 ..\obj\SDLED3.o
 .debug_str     0x00000000      0x2f0 ..\obj\SDLED3.o
 .comment       0x00000000       0x71 ..\obj\SDLED3.o
 .debug_frame   0x00000000       0x34 ..\obj\SDLED3.o
 .ARM.attributes
                0x00000000       0x33 ..\obj\SDLED3.o
 .text          0x00000000       0xd0 ..\obj\SDLED1.o
 .data          0x00000000        0x0 ..\obj\SDLED1.o
 .bss           0x00000000        0x4 ..\obj\SDLED1.o
 .debug_info    0x00000000      0x242 ..\obj\SDLED1.o
 .debug_abbrev  0x00000000       0xf0 ..\obj\SDLED1.o
 .debug_aranges
                0x00000000       0x20 ..\obj\SDLED1.o
 .debug_line    0x00000000      0x298 ..\obj\SDLED1.o
 .debug_str     0x00000000      0x2dd ..\obj\SDLED1.o
 .comment       0x00000000       0x71 ..\obj\SDLED1.o
 .debug_frame   0x00000000       0x34 ..\obj\SDLED1.o
 .ARM.attributes
                0x00000000       0x33 ..\obj\SDLED1.o
 .data          0x00000000        0x0 ..\obj\stm32f4xx_hal.o
 .data          0x00000000        0x0 ..\obj\LED.o
 .bss           0x00000000        0x0 ..\obj\LED.o
 .text          0x00000000        0x0 ..\obj\Message.o
 .data          0x00000000        0x0 ..\obj\Message.o
 .data          0x00000000        0x0 ..\obj\main.o
 .data          0x00000000        0x0 ..\obj\stm32f4xx_it.o
 .bss           0x00000000        0x0 ..\obj\stm32f4xx_it.o
 .data          0x00000000        0x0 ..\obj\stm32f4xx_hal_gpio.o
 .bss           0x00000000        0x0 ..\obj\stm32f4xx_hal_gpio.o
 .data          0x00000000        0x0 ..\obj\Button.o
 .bss           0x00000000        0x0 ..\obj\Button.o
 .data          0x00000000        0x0 ..\obj\LedSM.o
 .bss           0x00000000        0x0 ..\obj\LedSM.o
 .data          0x00000000        0x0 ..\obj\Timer.o
 .data          0x00000000        0x0 ..\obj\stm32f4xx_hal_rcc.o
 .bss           0x00000000        0x0 ..\obj\stm32f4xx_hal_rcc.o
 .text          0x00000000       0x14 ..\obj\startup_stm32f429xx.o
 .data          0x00000000        0x0 ..\obj\startup_stm32f429xx.o
 .bss           0x00000000        0x0 ..\obj\startup_stm32f429xx.o
 .data          0x00000000        0x0 ..\obj\ButtonSM.o
 .bss           0x00000000        0x0 ..\obj\ButtonSM.o
 .text          0x00000000      0x100 ..\obj\SDLED2.o
 .data          0x00000000        0x0 ..\obj\SDLED2.o
 .bss           0x00000000        0x8 ..\obj\SDLED2.o
 .debug_info    0x00000000      0x26a ..\obj\SDLED2.o
 .debug_abbrev  0x00000000      0x10f ..\obj\SDLED2.o
 .debug_aranges
                0x00000000       0x20 ..\obj\SDLED2.o
 .debug_line    0x00000000      0x29d ..\obj\SDLED2.o
 .debug_str     0x00000000      0x2f2 ..\obj\SDLED2.o
 .comment       0x00000000       0x71 ..\obj\SDLED2.o
 .debug_frame   0x00000000       0x34 ..\obj\SDLED2.o
 .ARM.attributes
                0x00000000       0x33 ..\obj\SDLED2.o
 .text          0x00000000        0x0 c:/program files/gnu tools arm embedded/4.9 2015q1/bin/../lib/gcc/arm-none-eabi/4.9.3/armv7e-m/crtend.o
 .data          0x00000000        0x0 c:/program files/gnu tools arm embedded/4.9 2015q1/bin/../lib/gcc/arm-none-eabi/4.9.3/armv7e-m/crtend.o
 .bss           0x00000000        0x0 c:/program files/gnu tools arm embedded/4.9 2015q1/bin/../lib/gcc/arm-none-eabi/4.9.3/armv7e-m/crtend.o
 .eh_frame      0x00000000        0x4 c:/program files/gnu tools arm embedded/4.9 2015q1/bin/../lib/gcc/arm-none-eabi/4.9.3/armv7e-m/crtend.o
 .jcr           0x00000000        0x4 c:/program files/gnu tools arm embedded/4.9 2015q1/bin/../lib/gcc/arm-none-eabi/4.9.3/armv7e-m/crtend.o
 .ARM.attributes
                0x00000000       0x2e c:/program files/gnu tools arm embedded/4.9 2015q1/bin/../lib/gcc/arm-none-eabi/4.9.3/armv7e-m/crtend.o
 .text          0x00000000        0x0 c:/program files/gnu tools arm embedded/4.9 2015q1/bin/../lib/gcc/arm-none-eabi/4.9.3/armv7e-m/crtn.o
 .data          0x00000000        0x0 c:/program files/gnu tools arm embedded/4.9 2015q1/bin/../lib/gcc/arm-none-eabi/4.9.3/armv7e-m/crtn.o
 .bss           0x00000000        0x0 c:/program files/gnu tools arm embedded/4.9 2015q1/bin/../lib/gcc/arm-none-eabi/4.9.3/armv7e-m/crtn.o

Memory Configuration

Name             Origin             Length             Attributes
FLASH            0x08000000         0x00100000         xr
RAM              0x20000000         0x00020000         xrw
CCMRAM           0x10000000         0x00010000         rw
*default*        0x00000000         0xffffffff

Linker script and memory map

LOAD c:/program files/gnu tools arm embedded/4.9 2015q1/bin/../lib/gcc/arm-none-eabi/4.9.3/armv7e-m/crti.o
LOAD c:/program files/gnu tools arm embedded/4.9 2015q1/bin/../lib/gcc/arm-none-eabi/4.9.3/armv7e-m/crtbegin.o
LOAD c:/program files/gnu tools arm embedded/4.9 2015q1/bin/../lib/gcc/arm-none-eabi/4.9.3/../../../../arm-none-eabi/lib/armv7e-m/crt0.o
                0x2001ffff                _estack = 0x2001ffff
                0x00000200                _Min_Heap_Size = 0x200
                0x00000400                _Min_Stack_Size = 0x400

.isr_vector     0x08000000      0x1ac
                0x08000000                . = ALIGN (0x4)
 *(.isr_vector)
 .isr_vector    0x08000000      0x1ac ..\obj\startup_stm32f429xx.o
                0x08000000                g_pfnVectors
                0x080001ac                . = ALIGN (0x4)

.text           0x080001ac     0x2690
                0x080001ac                . = ALIGN (0x4)
 *(.text)
 .text          0x080001ac       0x5c c:/program files/gnu tools arm embedded/4.9 2015q1/bin/../lib/gcc/arm-none-eabi/4.9.3/armv7e-m/crtbegin.o
 .text          0x08000208      0x154 ..\obj\system_stm32f4xx.o
                0x08000208                SystemInit
                0x08000264                SystemCoreClockUpdate
 .text          0x0800035c      0x544 ..\obj\stm32f4xx_hal_cortex.o
                0x080006f0                HAL_NVIC_SetPriorityGrouping
                0x08000704                HAL_NVIC_SetPriority
                0x0800073c                HAL_NVIC_EnableIRQ
                0x08000758                HAL_NVIC_DisableIRQ
                0x08000774                HAL_NVIC_SystemReset
                0x08000780                HAL_SYSTICK_Config
                0x08000798                HAL_NVIC_GetPriorityGrouping
                0x080007a8                HAL_NVIC_GetPriority
                0x080007d8                HAL_NVIC_SetPendingIRQ
                0x080007f4                HAL_NVIC_GetPendingIRQ
                0x08000814                HAL_NVIC_ClearPendingIRQ
                0x08000830                HAL_NVIC_GetActive
                0x08000850                HAL_SYSTICK_CLKSourceConfig
                0x08000888                HAL_SYSTICK_IRQHandler
                0x08000894                HAL_SYSTICK_Callback
 .text          0x080008a0      0x374 ..\obj\stm32f4xx_hal.o
                0x080008a0                HAL_Init
                0x080008e4                HAL_DeInit
                0x0800093c                HAL_MspInit
                0x08000948                HAL_MspDeInit
                0x08000954                HAL_InitTick
                0x0800098c                HAL_IncTick
                0x080009a8                HAL_GetTick
                0x080009c0                HAL_Delay
                0x080009ec                HAL_SuspendTick
                0x08000a08                HAL_ResumeTick
                0x08000a24                HAL_GetHalVersion
                0x08000a38                HAL_GetREVID
                0x08000a50                HAL_GetDEVID
                0x08000a6c                HAL_DBGMCU_EnableDBGSleepMode
                0x08000a88                HAL_DBGMCU_DisableDBGSleepMode
                0x08000aa4                HAL_DBGMCU_EnableDBGStopMode
                0x08000ac0                HAL_DBGMCU_DisableDBGStopMode
                0x08000adc                HAL_DBGMCU_EnableDBGStandbyMode
                0x08000af8                HAL_DBGMCU_DisableDBGStandbyMode
                0x08000b14                HAL_EnableCompensationCell
                0x08000b54                HAL_DisableCompensationCell
                0x08000b94                HAL_EnableMemorySwappingBank
                0x08000bd4                HAL_DisableMemorySwappingBank
 .text          0x08000c14       0xbc ..\obj\LED.o
                0x08000c14                configureLED
 .text          0x08000cd0      0x288 ..\obj\main.o
                0x08000d68                main
                0x08000da4                initSysTick
                0x08000dcc                LED1
                0x08000e30                LED2
                0x08000e94                LED3
 .text          0x08000f58       0x5c ..\obj\stm32f4xx_it.o
                0x08000f58                NMI_Handler
                0x08000f64                HardFault_Handler
                0x08000f6c                MemManage_Handler
                0x08000f74                BusFault_Handler
                0x08000f7c                UsageFault_Handler
                0x08000f84                SVC_Handler
                0x08000f90                DebugMon_Handler
                0x08000f9c                PendSV_Handler
                0x08000fa8                SysTick_Handler
 .text          0x08000fb4      0x674 ..\obj\stm32f4xx_hal_gpio.o
                0x08000fb4                HAL_GPIO_Init
                0x080012fc                HAL_GPIO_DeInit
                0x08001510                HAL_GPIO_ReadPin
                0x08001540                HAL_GPIO_WritePin
                0x08001570                HAL_GPIO_TogglePin
                0x08001594                HAL_GPIO_LockPin
                0x080015e4                HAL_GPIO_EXTI_IRQHandler
                0x08001614                HAL_GPIO_EXTI_Callback
 .text          0x08001628       0x60 ..\obj\Button.o
                0x08001628                initButton
                0x08001670                buttonStat
 .text          0x08001688      0x104 ..\obj\LedSM.o
                0x08001688                ledInitData
                0x080016a0                ledSM
 .text          0x0800178c      0x10c ..\obj\Timer.o
                0x0800178c                getCurrentTime
                0x080017a0                delay
                0x080017d0                waitForDelay
                0x08001808                halfSecHasNotExpired
                0x08001838                oneHundredMiliSecHasNotExpired
                0x08001868                threeHundredSecHasNotExpired
 .text          0x08001898      0xd74 ..\obj\stm32f4xx_hal_rcc.o
                0x08001898                HAL_RCC_DeInit
                0x08001910                HAL_RCC_OscConfig
                0x08001dc8                HAL_RCC_ClockConfig
                0x080020e4                HAL_RCC_MCOConfig
                0x080021a8                HAL_RCC_EnableCSS
                0x080021c0                HAL_RCC_DisableCSS
                0x080021d8                HAL_RCC_GetSysClockFreq
                0x080022f0                HAL_RCC_GetHCLKFreq
                0x08002348                HAL_RCC_GetPCLK1Freq
                0x08002394                HAL_RCC_GetPCLK2Freq
                0x080023e0                HAL_RCC_GetOscConfig
                0x0800257c                HAL_RCC_GetClockConfig
                0x080025dc                HAL_RCC_NMI_IRQHandler
                0x08002600                HAL_RCC_CSSCallback
 .text          0x0800260c       0x6c ..\obj\ButtonSM.o
                0x0800260c                buttonInitData
                0x08002624                buttonSM
 *(.text*)
 .text.__libc_init_array
                0x08002678       0x50 c:/program files/gnu tools arm embedded/4.9 2015q1/bin/../lib/gcc/arm-none-eabi/4.9.3/../../../../arm-none-eabi/lib/armv7e-m\libc.a(lib_a-init.o)
                0x08002678                __libc_init_array
 .text.startup.register_fini
                0x080026c8       0x14 c:/program files/gnu tools arm embedded/4.9 2015q1/bin/../lib/gcc/arm-none-eabi/4.9.3/../../../../arm-none-eabi/lib/armv7e-m\libc.a(lib_a-__call_atexit.o)
 .text.atexit   0x080026dc        0xc c:/program files/gnu tools arm embedded/4.9 2015q1/bin/../lib/gcc/arm-none-eabi/4.9.3/../../../../arm-none-eabi/lib/armv7e-m\libc.a(lib_a-atexit.o)
                0x080026dc                atexit
 .text.__libc_fini_array
                0x080026e8       0x2c c:/program files/gnu tools arm embedded/4.9 2015q1/bin/../lib/gcc/arm-none-eabi/4.9.3/../../../../arm-none-eabi/lib/armv7e-m\libc.a(lib_a-fini.o)
                0x080026e8                __libc_fini_array
 .text.__register_exitproc
                0x08002714       0xa4 c:/program files/gnu tools arm embedded/4.9 2015q1/bin/../lib/gcc/arm-none-eabi/4.9.3/../../../../arm-none-eabi/lib/armv7e-m\libc.a(lib_a-__atexit.o)
                0x08002714                __register_exitproc
 .text.testFunc
                0x080027b8       0x18 ..\obj\assembly.o
                0x080027b8                testFunc
 .text.Reset_Handler
                0x080027d0       0x50 ..\obj\startup_stm32f429xx.o
                0x080027d0                Reset_Handler
 .text.Default_Handler
                0x08002820        0x2 ..\obj\startup_stm32f429xx.o
                0x08002820                RTC_Alarm_IRQHandler
                0x08002820                HASH_RNG_IRQHandler
                0x08002820                EXTI2_IRQHandler
                0x08002820                TIM8_CC_IRQHandler
                0x08002820                UART8_IRQHandler
                0x08002820                SPI4_IRQHandler
                0x08002820                TIM1_CC_IRQHandler
                0x08002820                DMA2_Stream5_IRQHandler
                0x08002820                DMA1_Stream5_IRQHandler
                0x08002820                PVD_IRQHandler
                0x08002820                SDIO_IRQHandler
                0x08002820                TAMP_STAMP_IRQHandler
                0x08002820                CAN2_RX1_IRQHandler
                0x08002820                EXTI3_IRQHandler
                0x08002820                TIM8_TRG_COM_TIM14_IRQHandler
                0x08002820                TIM1_UP_TIM10_IRQHandler
                0x08002820                TIM8_UP_TIM13_IRQHandler
                0x08002820                I2C3_ER_IRQHandler
                0x08002820                EXTI0_IRQHandler
                0x08002820                I2C2_EV_IRQHandler
                0x08002820                DMA1_Stream2_IRQHandler
                0x08002820                CAN1_RX0_IRQHandler
                0x08002820                FPU_IRQHandler
                0x08002820                OTG_HS_WKUP_IRQHandler
                0x08002820                LTDC_ER_IRQHandler
                0x08002820                CAN2_SCE_IRQHandler
                0x08002820                DMA2_Stream2_IRQHandler
                0x08002820                SPI1_IRQHandler
                0x08002820                TIM6_DAC_IRQHandler
                0x08002820                TIM1_BRK_TIM9_IRQHandler
                0x08002820                DCMI_IRQHandler
                0x08002820                CAN2_RX0_IRQHandler
                0x08002820                DMA2_Stream3_IRQHandler
                0x08002820                USART6_IRQHandler
                0x08002820                USART3_IRQHandler
                0x08002820                CAN1_RX1_IRQHandler
                0x08002820                UART5_IRQHandler
                0x08002820                DMA2_Stream0_IRQHandler
                0x08002820                TIM4_IRQHandler
                0x08002820                I2C1_EV_IRQHandler
                0x08002820                DMA1_Stream6_IRQHandler
                0x08002820                DMA1_Stream1_IRQHandler
                0x08002820                UART4_IRQHandler
                0x08002820                TIM3_IRQHandler
                0x08002820                RCC_IRQHandler
                0x08002820                TIM8_BRK_TIM12_IRQHandler
                0x08002820                Default_Handler
                0x08002820                EXTI15_10_IRQHandler
                0x08002820                ADC_IRQHandler
                0x08002820                DMA1_Stream7_IRQHandler
                0x08002820                SPI5_IRQHandler
                0x08002820                TIM7_IRQHandler
                0x08002820                CAN2_TX_IRQHandler
                0x08002820                TIM5_IRQHandler
                0x08002820                DMA2_Stream7_IRQHandler
                0x08002820                I2C3_EV_IRQHandler
                0x08002820                EXTI9_5_IRQHandler
                0x08002820                RTC_WKUP_IRQHandler
                0x08002820                LTDC_IRQHandler
                0x08002820                ETH_WKUP_IRQHandler
                0x08002820                SPI2_IRQHandler
                0x08002820                OTG_HS_EP1_IN_IRQHandler
                0x08002820                DMA1_Stream0_IRQHandler
                0x08002820                CAN1_TX_IRQHandler
                0x08002820                EXTI4_IRQHandler
                0x08002820                ETH_IRQHandler
                0x08002820                OTG_HS_EP1_OUT_IRQHandler
                0x08002820                WWDG_IRQHandler
                0x08002820                SPI6_IRQHandler
                0x08002820                TIM2_IRQHandler
                0x08002820                OTG_FS_WKUP_IRQHandler
                0x08002820                TIM1_TRG_COM_TIM11_IRQHandler
                0x08002820                OTG_HS_IRQHandler
                0x08002820                DMA2D_IRQHandler
                0x08002820                EXTI1_IRQHandler
                0x08002820                UART7_IRQHandler
                0x08002820                USART2_IRQHandler
                0x08002820                I2C2_ER_IRQHandler
                0x08002820                DMA2_Stream1_IRQHandler
                0x08002820                CAN1_SCE_IRQHandler
                0x08002820                FLASH_IRQHandler
                0x08002820                DMA2_Stream4_IRQHandler
                0x08002820                USART1_IRQHandler
                0x08002820                OTG_FS_IRQHandler
                0x08002820                SPI3_IRQHandler
                0x08002820                DMA1_Stream4_IRQHandler
                0x08002820                I2C1_ER_IRQHandler
                0x08002820                FMC_IRQHandler
                0x08002820                DMA2_Stream6_IRQHandler
                0x08002820                SAI1_IRQHandler
                0x08002820                DMA1_Stream3_IRQHandler
 *(.glue_7)
 .glue_7        0x00000000        0x0 linker stubs
 *(.glue_7t)
 .glue_7t       0x00000000        0x0 linker stubs
 *(.eh_frame)
 *fill*         0x08002822        0x2 
 .eh_frame      0x08002824        0x0 c:/program files/gnu tools arm embedded/4.9 2015q1/bin/../lib/gcc/arm-none-eabi/4.9.3/armv7e-m/crtbegin.o
 *(.init)
 .init          0x08002824        0x4 c:/program files/gnu tools arm embedded/4.9 2015q1/bin/../lib/gcc/arm-none-eabi/4.9.3/armv7e-m/crti.o
                0x08002824                _init
 .init          0x08002828        0x8 c:/program files/gnu tools arm embedded/4.9 2015q1/bin/../lib/gcc/arm-none-eabi/4.9.3/armv7e-m/crtn.o
 *(.fini)
 .fini          0x08002830        0x4 c:/program files/gnu tools arm embedded/4.9 2015q1/bin/../lib/gcc/arm-none-eabi/4.9.3/armv7e-m/crti.o
                0x08002830                _fini
 .fini          0x08002834        0x8 c:/program files/gnu tools arm embedded/4.9 2015q1/bin/../lib/gcc/arm-none-eabi/4.9.3/armv7e-m/crtn.o
                0x0800283c                . = ALIGN (0x4)
                0x0800283c                _etext = .

.vfp11_veneer   0x0800283c        0x0
 .vfp11_veneer  0x00000000        0x0 linker stubs

.v4_bx          0x0800283c        0x0
 .v4_bx         0x00000000        0x0 linker stubs

.iplt           0x0800283c        0x0
 .iplt          0x00000000        0x0 c:/program files/gnu tools arm embedded/4.9 2015q1/bin/../lib/gcc/arm-none-eabi/4.9.3/armv7e-m/crtbegin.o

.rodata         0x0800283c       0x18
                0x0800283c                . = ALIGN (0x4)
 *(.rodata)
 .rodata        0x0800283c       0x10 ..\obj\stm32f4xx_hal_rcc.o
                0x0800283c                APBAHBPrescTable
 *(.rodata*)
 .rodata.str1.4
                0x0800284c        0x4 c:/program files/gnu tools arm embedded/4.9 2015q1/bin/../lib/gcc/arm-none-eabi/4.9.3/../../../../arm-none-eabi/lib/armv7e-m\libc.a(lib_a-impure.o)
 .rodata._global_impure_ptr
                0x08002850        0x4 c:/program files/gnu tools arm embedded/4.9 2015q1/bin/../lib/gcc/arm-none-eabi/4.9.3/../../../../arm-none-eabi/lib/armv7e-m\libc.a(lib_a-impure.o)
                0x08002850                _global_impure_ptr
                0x08002854                . = ALIGN (0x4)

.rel.dyn        0x08002854        0x0
 .rel.iplt      0x00000000        0x0 c:/program files/gnu tools arm embedded/4.9 2015q1/bin/../lib/gcc/arm-none-eabi/4.9.3/armv7e-m/crtbegin.o

.ARM.extab
 *(.ARM.extab* .gnu.linkonce.armextab.*)

.ARM            0x08002854        0x0
                0x08002854                __exidx_start = .
 *(.ARM.exidx*)
                0x08002854                __exidx_end = .

.preinit_array  0x08002854        0x0
                0x08002854                PROVIDE (__preinit_array_start, .)
 *(.preinit_array*)
                0x08002854                PROVIDE (__preinit_array_end, .)

.init_array     0x08002854        0x8
                0x08002854                PROVIDE (__init_array_start, .)
 *(SORT(.init_array.*))
 .init_array.00000
                0x08002854        0x4 c:/program files/gnu tools arm embedded/4.9 2015q1/bin/../lib/gcc/arm-none-eabi/4.9.3/../../../../arm-none-eabi/lib/armv7e-m\libc.a(lib_a-__call_atexit.o)
 *(.init_array*)
 .init_array    0x08002858        0x4 c:/program files/gnu tools arm embedded/4.9 2015q1/bin/../lib/gcc/arm-none-eabi/4.9.3/armv7e-m/crtbegin.o
                0x0800285c                PROVIDE (__init_array_end, .)

.fini_array     0x0800285c        0x4
                0x0800285c                PROVIDE (__fini_array_start, .)
 *(SORT(.fini_array.*))
 *(.fini_array*)
 .fini_array    0x0800285c        0x4 c:/program files/gnu tools arm embedded/4.9 2015q1/bin/../lib/gcc/arm-none-eabi/4.9.3/armv7e-m/crtbegin.o
                0x08002860                PROVIDE (__fini_array_end, .)
                0x08002860                _sidata = LOADADDR (.data)

.data           0x20000000      0x440 load address 0x08002860
                0x20000000                . = ALIGN (0x4)
                0x20000000                _sdata = .
 *(.data)
 .data          0x20000000       0x14 ..\obj\system_stm32f4xx.o
                0x20000000                SystemCoreClock
                0x20000004                AHBPrescTable
 *(.data*)
 *fill*         0x20000014        0x4 
 .data.impure_data
                0x20000018      0x428 c:/program files/gnu tools arm embedded/4.9 2015q1/bin/../lib/gcc/arm-none-eabi/4.9.3/../../../../arm-none-eabi/lib/armv7e-m\libc.a(lib_a-impure.o)
                0x20000440                . = ALIGN (0x4)
                0x20000440                _edata = .
                0x08002ca0                _siccmram = LOADADDR (.ccmram)

.jcr            0x20000440        0x0 load address 0x08002ca0
 .jcr           0x20000440        0x0 c:/program files/gnu tools arm embedded/4.9 2015q1/bin/../lib/gcc/arm-none-eabi/4.9.3/armv7e-m/crtbegin.o

.igot.plt       0x20000440        0x0 load address 0x08002ca0
 .igot.plt      0x00000000        0x0 c:/program files/gnu tools arm embedded/4.9 2015q1/bin/../lib/gcc/arm-none-eabi/4.9.3/armv7e-m/crtbegin.o

.ccmram         0x10000000        0x0 load address 0x08002ca0
                0x10000000                . = ALIGN (0x4)
                0x10000000                _sccmram = .
 *(.ccmram)
 *(.ccmram*)
                0x10000000                . = ALIGN (0x4)
                0x10000000                _eccmram = .
                0x10000000                . = ALIGN (0x4)

.bss            0x20000440       0x44
                0x20000440                _sbss = .
                0x20000440                __bss_start__ = _sbss
 *(.bss)
 .bss           0x20000440       0x1c c:/program files/gnu tools arm embedded/4.9 2015q1/bin/../lib/gcc/arm-none-eabi/4.9.3/armv7e-m/crtbegin.o
 .bss           0x2000045c        0x4 ..\obj\stm32f4xx_hal.o
 .bss           0x20000460        0x1 ..\obj\Message.o
                0x20000460                msg
 *fill*         0x20000461        0x3 
 .bss           0x20000464        0x8 ..\obj\main.o
 .bss           0x2000046c       0x18 ..\obj\Timer.o
 *(.bss*)
 *(COMMON)
                0x20000484                . = ALIGN (0x4)
                0x20000484                _ebss = .
                0x20000484                __bss_end__ = _ebss

._user_heap_stack
                0x20000484      0x600
                0x20000484                . = ALIGN (0x4)
                0x20000484                PROVIDE (end, .)
                0x20000484                PROVIDE (_end, .)
                0x20000684                . = (. + _Min_Heap_Size)
 *fill*         0x20000484      0x200 
                0x20000a84                . = (. + _Min_Stack_Size)
 *fill*         0x20000684      0x400 
                0x20000a84                . = ALIGN (0x4)

/DISCARD/
 libc.a(*)
 libm.a(*)
 libgcc.a(*)

.ARM.attributes
                0x00000000       0x2a
 *(.ARM.attributes)
 .ARM.attributes
                0x00000000       0x1e c:/program files/gnu tools arm embedded/4.9 2015q1/bin/../lib/gcc/arm-none-eabi/4.9.3/armv7e-m/crti.o
 .ARM.attributes
                0x0000001e       0x2e c:/program files/gnu tools arm embedded/4.9 2015q1/bin/../lib/gcc/arm-none-eabi/4.9.3/armv7e-m/crtbegin.o
 .ARM.attributes
                0x0000004c       0x21 ..\obj\assembly.o
 .ARM.attributes
                0x0000006d       0x33 ..\obj\system_stm32f4xx.o
 .ARM.attributes
                0x000000a0       0x33 ..\obj\stm32f4xx_hal_cortex.o
 .ARM.attributes
                0x000000d3       0x33 ..\obj\stm32f4xx_hal.o
 .ARM.attributes
                0x00000106       0x33 ..\obj\LED.o
 .ARM.attributes
                0x00000139       0x33 ..\obj\Message.o
 .ARM.attributes
                0x0000016c       0x33 ..\obj\main.o
 .ARM.attributes
                0x0000019f       0x33 ..\obj\stm32f4xx_it.o
 .ARM.attributes
                0x000001d2       0x33 ..\obj\stm32f4xx_hal_gpio.o
 .ARM.attributes
                0x00000205       0x33 ..\obj\Button.o
 .ARM.attributes
                0x00000238       0x33 ..\obj\LedSM.o
 .ARM.attributes
                0x0000026b       0x33 ..\obj\Timer.o
 .ARM.attributes
                0x0000029e       0x33 ..\obj\stm32f4xx_hal_rcc.o
 .ARM.attributes
                0x000002d1       0x21 ..\obj\startup_stm32f429xx.o
 .ARM.attributes
                0x000002f2       0x33 ..\obj\ButtonSM.o
 .ARM.attributes
                0x00000325       0x1e c:/program files/gnu tools arm embedded/4.9 2015q1/bin/../lib/gcc/arm-none-eabi/4.9.3/armv7e-m/crtn.o
LOAD ..\obj\assembly.o
LOAD ..\obj\system_stm32f4xx.o
LOAD ..\obj\stm32f4xx_hal_cortex.o
LOAD ..\obj\SDLED3.o
LOAD ..\obj\SDLED1.o
LOAD ..\obj\stm32f4xx_hal.o
LOAD ..\obj\LED.o
LOAD ..\obj\Message.o
LOAD ..\obj\main.o
LOAD ..\obj\stm32f4xx_it.o
LOAD ..\obj\stm32f4xx_hal_gpio.o
LOAD ..\obj\Button.o
LOAD ..\obj\LedSM.o
LOAD ..\obj\Timer.o
LOAD ..\obj\stm32f4xx_hal_rcc.o
LOAD ..\obj\startup_stm32f429xx.o
LOAD ..\obj\ButtonSM.o
LOAD ..\obj\SDLED2.o
START GROUP
LOAD c:/program files/gnu tools arm embedded/4.9 2015q1/bin/../lib/gcc/arm-none-eabi/4.9.3/armv7e-m\libgcc.a
LOAD c:/program files/gnu tools arm embedded/4.9 2015q1/bin/../lib/gcc/arm-none-eabi/4.9.3/../../../../arm-none-eabi/lib/armv7e-m\libg.a
LOAD c:/program files/gnu tools arm embedded/4.9 2015q1/bin/../lib/gcc/arm-none-eabi/4.9.3/../../../../arm-none-eabi/lib/armv7e-m\libc.a
END GROUP
LOAD c:/program files/gnu tools arm embedded/4.9 2015q1/bin/../lib/gcc/arm-none-eabi/4.9.3/armv7e-m/crtend.o
LOAD c:/program files/gnu tools arm embedded/4.9 2015q1/bin/../lib/gcc/arm-none-eabi/4.9.3/armv7e-m/crtn.o
OUTPUT(exploreCC.elf elf32-littlearm)

.debug_line     0x00000000     0x2585
 .debug_line    0x00000000       0x7c ..\obj\assembly.o
 .debug_line    0x0000007c      0x25b ..\obj\system_stm32f4xx.o
 .debug_line    0x000002d7      0x36f ..\obj\stm32f4xx_hal_cortex.o
 .debug_line    0x00000646      0x37b ..\obj\stm32f4xx_hal.o
 .debug_line    0x000009c1      0x28a ..\obj\LED.o
 .debug_line    0x00000c4b       0x72 ..\obj\Message.o
 .debug_line    0x00000cbd      0x32f ..\obj\main.o
 .debug_line    0x00000fec      0x1ed ..\obj\stm32f4xx_it.o
 .debug_line    0x000011d9      0x471 ..\obj\stm32f4xx_hal_gpio.o
 .debug_line    0x0000164a      0x284 ..\obj\Button.o
 .debug_line    0x000018ce      0x2ba ..\obj\LedSM.o
 .debug_line    0x00001b88      0x1b2 ..\obj\Timer.o
 .debug_line    0x00001d3a      0x5d6 ..\obj\stm32f4xx_hal_rcc.o
 .debug_line    0x00002310       0xaf ..\obj\startup_stm32f429xx.o
 .debug_line    0x000023bf      0x1c6 ..\obj\ButtonSM.o

.debug_info     0x00000000     0x4a4a
 .debug_info    0x00000000       0xb9 ..\obj\assembly.o
 .debug_info    0x000000b9      0x4b4 ..\obj\system_stm32f4xx.o
 .debug_info    0x0000056d      0xbac ..\obj\stm32f4xx_hal_cortex.o
 .debug_info    0x00001119      0xa1c ..\obj\stm32f4xx_hal.o
 .debug_info    0x00001b35      0x3eb ..\obj\LED.o
 .debug_info    0x00001f20       0x4b ..\obj\Message.o
 .debug_info    0x00001f6b      0x9a0 ..\obj\main.o
 .debug_info    0x0000290b      0x13a ..\obj\stm32f4xx_it.o
 .debug_info    0x00002a45      0x712 ..\obj\stm32f4xx_hal_gpio.o
 .debug_info    0x00003157      0x3c8 ..\obj\Button.o
 .debug_info    0x0000351f      0x2ac ..\obj\LedSM.o
 .debug_info    0x000037cb      0x1de ..\obj\Timer.o
 .debug_info    0x000039a9      0xe27 ..\obj\stm32f4xx_hal_rcc.o
 .debug_info    0x000047d0       0xc0 ..\obj\startup_stm32f429xx.o
 .debug_info    0x00004890      0x1ba ..\obj\ButtonSM.o

.debug_abbrev   0x00000000     0x1172
 .debug_abbrev  0x00000000       0x14 ..\obj\assembly.o
 .debug_abbrev  0x00000014       0xff ..\obj\system_stm32f4xx.o
 .debug_abbrev  0x00000113      0x299 ..\obj\stm32f4xx_hal_cortex.o
 .debug_abbrev  0x000003ac      0x1ff ..\obj\stm32f4xx_hal.o
 .debug_abbrev  0x000005ab       0xff ..\obj\LED.o
 .debug_abbrev  0x000006aa       0x42 ..\obj\Message.o
 .debug_abbrev  0x000006ec      0x20c ..\obj\main.o
 .debug_abbrev  0x000008f8       0x7f ..\obj\stm32f4xx_it.o
 .debug_abbrev  0x00000977      0x1aa ..\obj\stm32f4xx_hal_gpio.o
 .debug_abbrev  0x00000b21      0x10c ..\obj\Button.o
 .debug_abbrev  0x00000c2d      0x128 ..\obj\LedSM.o
 .debug_abbrev  0x00000d55       0xd3 ..\obj\Timer.o
 .debug_abbrev  0x00000e28      0x25a ..\obj\stm32f4xx_hal_rcc.o
 .debug_abbrev  0x00001082       0x12 ..\obj\startup_stm32f429xx.o
 .debug_abbrev  0x00001094       0xde ..\obj\ButtonSM.o

.debug_aranges  0x00000000      0x1e0
 .debug_aranges
                0x00000000       0x20 ..\obj\assembly.o
 .debug_aranges
                0x00000020       0x20 ..\obj\system_stm32f4xx.o
 .debug_aranges
                0x00000040       0x20 ..\obj\stm32f4xx_hal_cortex.o
 .debug_aranges
                0x00000060       0x20 ..\obj\stm32f4xx_hal.o
 .debug_aranges
                0x00000080       0x20 ..\obj\LED.o
 .debug_aranges
                0x000000a0       0x18 ..\obj\Message.o
 .debug_aranges
                0x000000b8       0x20 ..\obj\main.o
 .debug_aranges
                0x000000d8       0x20 ..\obj\stm32f4xx_it.o
 .debug_aranges
                0x000000f8       0x20 ..\obj\stm32f4xx_hal_gpio.o
 .debug_aranges
                0x00000118       0x20 ..\obj\Button.o
 .debug_aranges
                0x00000138       0x20 ..\obj\LedSM.o
 .debug_aranges
                0x00000158       0x20 ..\obj\Timer.o
 .debug_aranges
                0x00000178       0x20 ..\obj\stm32f4xx_hal_rcc.o
 .debug_aranges
                0x00000198       0x28 ..\obj\startup_stm32f429xx.o
 .debug_aranges
                0x000001c0       0x20 ..\obj\ButtonSM.o

.debug_str      0x00000000     0x18b4
 .debug_str     0x00000000      0x311 ..\obj\system_stm32f4xx.o
                                0x371 (size before relaxing)
 .debug_str     0x00000311      0x88e ..\obj\stm32f4xx_hal_cortex.o
                                0xb56 (size before relaxing)
 .debug_str     0x00000b9f      0x301 ..\obj\stm32f4xx_hal.o
                                0xb1b (size before relaxing)
 .debug_str     0x00000ea0       0xc1 ..\obj\LED.o
                                0x357 (size before relaxing)
 .debug_str     0x00000f61       0x64 ..\obj\Message.o
                                 0xcd (size before relaxing)
 .debug_str     0x00000fc5      0x178 ..\obj\main.o
                                0x9d2 (size before relaxing)
 .debug_str     0x0000113d      0x108 ..\obj\stm32f4xx_it.o
                                0x26d (size before relaxing)
 .debug_str     0x00001245      0x192 ..\obj\stm32f4xx_hal_gpio.o
                                0x51a (size before relaxing)
 .debug_str     0x000013d7       0x65 ..\obj\Button.o
                                0x365 (size before relaxing)
 .debug_str     0x0000143c       0x48 ..\obj\LedSM.o
                                0x30b (size before relaxing)
 .debug_str     0x00001484       0xeb ..\obj\Timer.o
                                0x270 (size before relaxing)
 .debug_str     0x0000156f      0x2ff ..\obj\stm32f4xx_hal_rcc.o
                                0x6d4 (size before relaxing)
 .debug_str     0x0000186e       0x46 ..\obj\ButtonSM.o
                                0x29c (size before relaxing)

.comment        0x00000000       0x70
 .comment       0x00000000       0x70 ..\obj\system_stm32f4xx.o
                                 0x71 (size before relaxing)
 .comment       0x00000000       0x71 ..\obj\stm32f4xx_hal_cortex.o
 .comment       0x00000000       0x71 ..\obj\stm32f4xx_hal.o
 .comment       0x00000000       0x71 ..\obj\LED.o
 .comment       0x00000000       0x71 ..\obj\Message.o
 .comment       0x00000000       0x71 ..\obj\main.o
 .comment       0x00000000       0x71 ..\obj\stm32f4xx_it.o
 .comment       0x00000000       0x71 ..\obj\stm32f4xx_hal_gpio.o
 .comment       0x00000000       0x71 ..\obj\Button.o
 .comment       0x00000000       0x71 ..\obj\LedSM.o
 .comment       0x00000000       0x71 ..\obj\Timer.o
 .comment       0x00000000       0x71 ..\obj\stm32f4xx_hal_rcc.o
 .comment       0x00000000       0x71 ..\obj\ButtonSM.o

.debug_frame    0x00000000      0xef4
 .debug_frame   0x00000000       0x58 ..\obj\system_stm32f4xx.o
 .debug_frame   0x00000058      0x428 ..\obj\stm32f4xx_hal_cortex.o
 .debug_frame   0x00000480      0x310 ..\obj\stm32f4xx_hal.o
 .debug_frame   0x00000790       0x34 ..\obj\LED.o
 .debug_frame   0x000007c4      0x104 ..\obj\main.o
 .debug_frame   0x000008c8      0x10c ..\obj\stm32f4xx_it.o
 .debug_frame   0x000009d4      0x14c ..\obj\stm32f4xx_hal_gpio.o
 .debug_frame   0x00000b20       0x50 ..\obj\Button.o
 .debug_frame   0x00000b70       0x5c ..\obj\LedSM.o
 .debug_frame   0x00000bcc       0xc8 ..\obj\Timer.o
 .debug_frame   0x00000c94      0x204 ..\obj\stm32f4xx_hal_rcc.o
 .debug_frame   0x00000e98       0x5c ..\obj\ButtonSM.o

.debug_ranges   0x00000000       0x20
 .debug_ranges  0x00000000       0x20 ..\obj\startup_stm32f429xx.o
