Archive member included because of file (symbol)

c:/program files/gnu tools arm embedded/4.9 2015q1/bin/../lib/gcc/arm-none-eabi/4.9.3/../../../../arm-none-eabi/lib/armv7e-m\libc.a(lib_a-exit.o)
                              c:/program files/gnu tools arm embedded/4.9 2015q1/bin/../lib/gcc/arm-none-eabi/4.9.3/../../../../arm-none-eabi/lib/armv7e-m/crt0.o (exit)
c:/program files/gnu tools arm embedded/4.9 2015q1/bin/../lib/gcc/arm-none-eabi/4.9.3/../../../../arm-none-eabi/lib/armv7e-m\libc.a(lib_a-impure.o)
                              c:/program files/gnu tools arm embedded/4.9 2015q1/bin/../lib/gcc/arm-none-eabi/4.9.3/../../../../arm-none-eabi/lib/armv7e-m\libc.a(lib_a-exit.o) (_global_impure_ptr)
c:/program files/gnu tools arm embedded/4.9 2015q1/bin/../lib/gcc/arm-none-eabi/4.9.3/../../../../arm-none-eabi/lib/armv7e-m\libc.a(lib_a-init.o)
                              c:/program files/gnu tools arm embedded/4.9 2015q1/bin/../lib/gcc/arm-none-eabi/4.9.3/../../../../arm-none-eabi/lib/armv7e-m/crt0.o (__libc_init_array)
c:/program files/gnu tools arm embedded/4.9 2015q1/bin/../lib/gcc/arm-none-eabi/4.9.3/../../../../arm-none-eabi/lib/armv7e-m\libc.a(lib_a-memset.o)
                              c:/program files/gnu tools arm embedded/4.9 2015q1/bin/../lib/gcc/arm-none-eabi/4.9.3/../../../../arm-none-eabi/lib/armv7e-m/crt0.o (memset)
c:/program files/gnu tools arm embedded/4.9 2015q1/bin/../lib/gcc/arm-none-eabi/4.9.3/../../../../arm-none-eabi/lib/armv7e-m\libc.a(lib_a-__call_atexit.o)
                              c:/program files/gnu tools arm embedded/4.9 2015q1/bin/../lib/gcc/arm-none-eabi/4.9.3/../../../../arm-none-eabi/lib/armv7e-m\libc.a(lib_a-exit.o) (__call_exitprocs)
c:/program files/gnu tools arm embedded/4.9 2015q1/bin/../lib/gcc/arm-none-eabi/4.9.3/../../../../arm-none-eabi/lib/armv7e-m\libc.a(lib_a-atexit.o)
                              c:/program files/gnu tools arm embedded/4.9 2015q1/bin/../lib/gcc/arm-none-eabi/4.9.3/../../../../arm-none-eabi/lib/armv7e-m\libc.a(lib_a-__call_atexit.o) (atexit)
c:/program files/gnu tools arm embedded/4.9 2015q1/bin/../lib/gcc/arm-none-eabi/4.9.3/../../../../arm-none-eabi/lib/armv7e-m\libc.a(lib_a-fini.o)
                              c:/program files/gnu tools arm embedded/4.9 2015q1/bin/../lib/gcc/arm-none-eabi/4.9.3/../../../../arm-none-eabi/lib/armv7e-m\libc.a(lib_a-__call_atexit.o) (__libc_fini_array)
c:/program files/gnu tools arm embedded/4.9 2015q1/bin/../lib/gcc/arm-none-eabi/4.9.3/../../../../arm-none-eabi/lib/armv7e-m\libc.a(lib_a-__atexit.o)
                              c:/program files/gnu tools arm embedded/4.9 2015q1/bin/../lib/gcc/arm-none-eabi/4.9.3/../../../../arm-none-eabi/lib/armv7e-m\libc.a(lib_a-atexit.o) (__register_exitproc)

Allocating common symbols
Common symbol       size              file

taskTwoTcb          0x8               ..\obj\Task.o
taskOneTcb          0x8               ..\obj\Task.o
taskTwoStack        0x404             ..\obj\Task.o
mainTcb             0x8               ..\obj\Task.o
taskOneStack        0x404             ..\obj\Task.o

Discarded input sections

 .text          0x00000000        0x0 c:/program files/gnu tools arm embedded/4.9 2015q1/bin/../lib/gcc/arm-none-eabi/4.9.3/armv7e-m/crti.o
 .data          0x00000000        0x0 c:/program files/gnu tools arm embedded/4.9 2015q1/bin/../lib/gcc/arm-none-eabi/4.9.3/armv7e-m/crti.o
 .bss           0x00000000        0x0 c:/program files/gnu tools arm embedded/4.9 2015q1/bin/../lib/gcc/arm-none-eabi/4.9.3/armv7e-m/crti.o
 .data          0x00000000        0x4 c:/program files/gnu tools arm embedded/4.9 2015q1/bin/../lib/gcc/arm-none-eabi/4.9.3/armv7e-m/crtbegin.o
 .text          0x00000000       0x74 c:/program files/gnu tools arm embedded/4.9 2015q1/bin/../lib/gcc/arm-none-eabi/4.9.3/../../../../arm-none-eabi/lib/armv7e-m/crt0.o
 .data          0x00000000        0x0 c:/program files/gnu tools arm embedded/4.9 2015q1/bin/../lib/gcc/arm-none-eabi/4.9.3/../../../../arm-none-eabi/lib/armv7e-m/crt0.o
 .bss           0x00000000        0x0 c:/program files/gnu tools arm embedded/4.9 2015q1/bin/../lib/gcc/arm-none-eabi/4.9.3/../../../../arm-none-eabi/lib/armv7e-m/crt0.o
 .ARM.extab     0x00000000        0x0 c:/program files/gnu tools arm embedded/4.9 2015q1/bin/../lib/gcc/arm-none-eabi/4.9.3/../../../../arm-none-eabi/lib/armv7e-m/crt0.o
 .ARM.exidx     0x00000000        0x8 c:/program files/gnu tools arm embedded/4.9 2015q1/bin/../lib/gcc/arm-none-eabi/4.9.3/../../../../arm-none-eabi/lib/armv7e-m/crt0.o
 .ARM.attributes
                0x00000000       0x1c c:/program files/gnu tools arm embedded/4.9 2015q1/bin/../lib/gcc/arm-none-eabi/4.9.3/../../../../arm-none-eabi/lib/armv7e-m/crt0.o
 .text          0x00000000        0x0 c:/program files/gnu tools arm embedded/4.9 2015q1/bin/../lib/gcc/arm-none-eabi/4.9.3/../../../../arm-none-eabi/lib/armv7e-m\libc.a(lib_a-exit.o)
 .data          0x00000000        0x0 c:/program files/gnu tools arm embedded/4.9 2015q1/bin/../lib/gcc/arm-none-eabi/4.9.3/../../../../arm-none-eabi/lib/armv7e-m\libc.a(lib_a-exit.o)
 .bss           0x00000000        0x0 c:/program files/gnu tools arm embedded/4.9 2015q1/bin/../lib/gcc/arm-none-eabi/4.9.3/../../../../arm-none-eabi/lib/armv7e-m\libc.a(lib_a-exit.o)
 .text.exit     0x00000000       0x20 c:/program files/gnu tools arm embedded/4.9 2015q1/bin/../lib/gcc/arm-none-eabi/4.9.3/../../../../arm-none-eabi/lib/armv7e-m\libc.a(lib_a-exit.o)
 .debug_frame   0x00000000       0x28 c:/program files/gnu tools arm embedded/4.9 2015q1/bin/../lib/gcc/arm-none-eabi/4.9.3/../../../../arm-none-eabi/lib/armv7e-m\libc.a(lib_a-exit.o)
 .ARM.attributes
                0x00000000       0x2e c:/program files/gnu tools arm embedded/4.9 2015q1/bin/../lib/gcc/arm-none-eabi/4.9.3/../../../../arm-none-eabi/lib/armv7e-m\libc.a(lib_a-exit.o)
 .text          0x00000000        0x0 c:/program files/gnu tools arm embedded/4.9 2015q1/bin/../lib/gcc/arm-none-eabi/4.9.3/../../../../arm-none-eabi/lib/armv7e-m\libc.a(lib_a-impure.o)
 .data          0x00000000        0x0 c:/program files/gnu tools arm embedded/4.9 2015q1/bin/../lib/gcc/arm-none-eabi/4.9.3/../../../../arm-none-eabi/lib/armv7e-m\libc.a(lib_a-impure.o)
 .bss           0x00000000        0x0 c:/program files/gnu tools arm embedded/4.9 2015q1/bin/../lib/gcc/arm-none-eabi/4.9.3/../../../../arm-none-eabi/lib/armv7e-m\libc.a(lib_a-impure.o)
 .data._impure_ptr
                0x00000000        0x4 c:/program files/gnu tools arm embedded/4.9 2015q1/bin/../lib/gcc/arm-none-eabi/4.9.3/../../../../arm-none-eabi/lib/armv7e-m\libc.a(lib_a-impure.o)
 .ARM.attributes
                0x00000000       0x2e c:/program files/gnu tools arm embedded/4.9 2015q1/bin/../lib/gcc/arm-none-eabi/4.9.3/../../../../arm-none-eabi/lib/armv7e-m\libc.a(lib_a-impure.o)
 .text          0x00000000        0x0 c:/program files/gnu tools arm embedded/4.9 2015q1/bin/../lib/gcc/arm-none-eabi/4.9.3/../../../../arm-none-eabi/lib/armv7e-m\libc.a(lib_a-init.o)
 .data          0x00000000        0x0 c:/program files/gnu tools arm embedded/4.9 2015q1/bin/../lib/gcc/arm-none-eabi/4.9.3/../../../../arm-none-eabi/lib/armv7e-m\libc.a(lib_a-init.o)
 .bss           0x00000000        0x0 c:/program files/gnu tools arm embedded/4.9 2015q1/bin/../lib/gcc/arm-none-eabi/4.9.3/../../../../arm-none-eabi/lib/armv7e-m\libc.a(lib_a-init.o)
 .debug_frame   0x00000000       0x2c c:/program files/gnu tools arm embedded/4.9 2015q1/bin/../lib/gcc/arm-none-eabi/4.9.3/../../../../arm-none-eabi/lib/armv7e-m\libc.a(lib_a-init.o)
 .ARM.attributes
                0x00000000       0x2e c:/program files/gnu tools arm embedded/4.9 2015q1/bin/../lib/gcc/arm-none-eabi/4.9.3/../../../../arm-none-eabi/lib/armv7e-m\libc.a(lib_a-init.o)
 .text          0x00000000        0x0 c:/program files/gnu tools arm embedded/4.9 2015q1/bin/../lib/gcc/arm-none-eabi/4.9.3/../../../../arm-none-eabi/lib/armv7e-m\libc.a(lib_a-memset.o)
 .data          0x00000000        0x0 c:/program files/gnu tools arm embedded/4.9 2015q1/bin/../lib/gcc/arm-none-eabi/4.9.3/../../../../arm-none-eabi/lib/armv7e-m\libc.a(lib_a-memset.o)
 .bss           0x00000000        0x0 c:/program files/gnu tools arm embedded/4.9 2015q1/bin/../lib/gcc/arm-none-eabi/4.9.3/../../../../arm-none-eabi/lib/armv7e-m\libc.a(lib_a-memset.o)
 .text.memset   0x00000000       0x9c c:/program files/gnu tools arm embedded/4.9 2015q1/bin/../lib/gcc/arm-none-eabi/4.9.3/../../../../arm-none-eabi/lib/armv7e-m\libc.a(lib_a-memset.o)
 .debug_frame   0x00000000       0x34 c:/program files/gnu tools arm embedded/4.9 2015q1/bin/../lib/gcc/arm-none-eabi/4.9.3/../../../../arm-none-eabi/lib/armv7e-m\libc.a(lib_a-memset.o)
 .ARM.attributes
                0x00000000       0x2e c:/program files/gnu tools arm embedded/4.9 2015q1/bin/../lib/gcc/arm-none-eabi/4.9.3/../../../../arm-none-eabi/lib/armv7e-m\libc.a(lib_a-memset.o)
 .text          0x00000000        0x0 c:/program files/gnu tools arm embedded/4.9 2015q1/bin/../lib/gcc/arm-none-eabi/4.9.3/../../../../arm-none-eabi/lib/armv7e-m\libc.a(lib_a-__call_atexit.o)
 .data          0x00000000        0x0 c:/program files/gnu tools arm embedded/4.9 2015q1/bin/../lib/gcc/arm-none-eabi/4.9.3/../../../../arm-none-eabi/lib/armv7e-m\libc.a(lib_a-__call_atexit.o)
 .bss           0x00000000        0x0 c:/program files/gnu tools arm embedded/4.9 2015q1/bin/../lib/gcc/arm-none-eabi/4.9.3/../../../../arm-none-eabi/lib/armv7e-m\libc.a(lib_a-__call_atexit.o)
 .text.__call_exitprocs
                0x00000000       0xd4 c:/program files/gnu tools arm embedded/4.9 2015q1/bin/../lib/gcc/arm-none-eabi/4.9.3/../../../../arm-none-eabi/lib/armv7e-m\libc.a(lib_a-__call_atexit.o)
 .debug_frame   0x00000000       0x50 c:/program files/gnu tools arm embedded/4.9 2015q1/bin/../lib/gcc/arm-none-eabi/4.9.3/../../../../arm-none-eabi/lib/armv7e-m\libc.a(lib_a-__call_atexit.o)
 .ARM.attributes
                0x00000000       0x2e c:/program files/gnu tools arm embedded/4.9 2015q1/bin/../lib/gcc/arm-none-eabi/4.9.3/../../../../arm-none-eabi/lib/armv7e-m\libc.a(lib_a-__call_atexit.o)
 .text          0x00000000        0x0 c:/program files/gnu tools arm embedded/4.9 2015q1/bin/../lib/gcc/arm-none-eabi/4.9.3/../../../../arm-none-eabi/lib/armv7e-m\libc.a(lib_a-atexit.o)
 .data          0x00000000        0x0 c:/program files/gnu tools arm embedded/4.9 2015q1/bin/../lib/gcc/arm-none-eabi/4.9.3/../../../../arm-none-eabi/lib/armv7e-m\libc.a(lib_a-atexit.o)
 .bss           0x00000000        0x0 c:/program files/gnu tools arm embedded/4.9 2015q1/bin/../lib/gcc/arm-none-eabi/4.9.3/../../../../arm-none-eabi/lib/armv7e-m\libc.a(lib_a-atexit.o)
 .debug_frame   0x00000000       0x20 c:/program files/gnu tools arm embedded/4.9 2015q1/bin/../lib/gcc/arm-none-eabi/4.9.3/../../../../arm-none-eabi/lib/armv7e-m\libc.a(lib_a-atexit.o)
 .ARM.attributes
                0x00000000       0x2e c:/program files/gnu tools arm embedded/4.9 2015q1/bin/../lib/gcc/arm-none-eabi/4.9.3/../../../../arm-none-eabi/lib/armv7e-m\libc.a(lib_a-atexit.o)
 .text          0x00000000        0x0 c:/program files/gnu tools arm embedded/4.9 2015q1/bin/../lib/gcc/arm-none-eabi/4.9.3/../../../../arm-none-eabi/lib/armv7e-m\libc.a(lib_a-fini.o)
 .data          0x00000000        0x0 c:/program files/gnu tools arm embedded/4.9 2015q1/bin/../lib/gcc/arm-none-eabi/4.9.3/../../../../arm-none-eabi/lib/armv7e-m\libc.a(lib_a-fini.o)
 .bss           0x00000000        0x0 c:/program files/gnu tools arm embedded/4.9 2015q1/bin/../lib/gcc/arm-none-eabi/4.9.3/../../../../arm-none-eabi/lib/armv7e-m\libc.a(lib_a-fini.o)
 .debug_frame   0x00000000       0x34 c:/program files/gnu tools arm embedded/4.9 2015q1/bin/../lib/gcc/arm-none-eabi/4.9.3/../../../../arm-none-eabi/lib/armv7e-m\libc.a(lib_a-fini.o)
 .ARM.attributes
                0x00000000       0x2e c:/program files/gnu tools arm embedded/4.9 2015q1/bin/../lib/gcc/arm-none-eabi/4.9.3/../../../../arm-none-eabi/lib/armv7e-m\libc.a(lib_a-fini.o)
 .text          0x00000000        0x0 c:/program files/gnu tools arm embedded/4.9 2015q1/bin/../lib/gcc/arm-none-eabi/4.9.3/../../../../arm-none-eabi/lib/armv7e-m\libc.a(lib_a-__atexit.o)
 .data          0x00000000        0x0 c:/program files/gnu tools arm embedded/4.9 2015q1/bin/../lib/gcc/arm-none-eabi/4.9.3/../../../../arm-none-eabi/lib/armv7e-m\libc.a(lib_a-__atexit.o)
 .bss           0x00000000        0x0 c:/program files/gnu tools arm embedded/4.9 2015q1/bin/../lib/gcc/arm-none-eabi/4.9.3/../../../../arm-none-eabi/lib/armv7e-m\libc.a(lib_a-__atexit.o)
 .debug_frame   0x00000000       0x34 c:/program files/gnu tools arm embedded/4.9 2015q1/bin/../lib/gcc/arm-none-eabi/4.9.3/../../../../arm-none-eabi/lib/armv7e-m\libc.a(lib_a-__atexit.o)
 .ARM.attributes
                0x00000000       0x2e c:/program files/gnu tools arm embedded/4.9 2015q1/bin/../lib/gcc/arm-none-eabi/4.9.3/../../../../arm-none-eabi/lib/armv7e-m\libc.a(lib_a-__atexit.o)
 .bss           0x00000000        0x0 ..\obj\system_stm32f4xx.o
 .text          0x00000000        0x0 ..\obj\Scheduler.o
 .data          0x00000000        0x0 ..\obj\Scheduler.o
 .bss           0x00000000        0x0 ..\obj\Scheduler.o
 .data          0x00000000        0x0 ..\obj\stm32f4xx_hal_cortex.o
 .bss           0x00000000        0x0 ..\obj\stm32f4xx_hal_cortex.o
 .text          0x00000000      0x12c ..\obj\SDLED3.o
 .data          0x00000000        0x0 ..\obj\SDLED3.o
 .bss           0x00000000        0x8 ..\obj\SDLED3.o
 .debug_info    0x00000000      0x26a ..\obj\SDLED3.o
 .debug_abbrev  0x00000000      0x10f ..\obj\SDLED3.o
 .debug_aranges
                0x00000000       0x20 ..\obj\SDLED3.o
 .debug_line    0x00000000      0x294 ..\obj\SDLED3.o
 .debug_str     0x00000000      0x2ca ..\obj\SDLED3.o
 .comment       0x00000000       0x71 ..\obj\SDLED3.o
 .debug_frame   0x00000000       0x34 ..\obj\SDLED3.o
 .ARM.attributes
                0x00000000       0x33 ..\obj\SDLED3.o
 .text          0x00000000       0xd0 ..\obj\SDLED1.o
 .data          0x00000000        0x0 ..\obj\SDLED1.o
 .bss           0x00000000        0x4 ..\obj\SDLED1.o
 .debug_info    0x00000000      0x242 ..\obj\SDLED1.o
 .debug_abbrev  0x00000000       0xf0 ..\obj\SDLED1.o
 .debug_aranges
                0x00000000       0x20 ..\obj\SDLED1.o
 .debug_line    0x00000000      0x285 ..\obj\SDLED1.o
 .debug_str     0x00000000      0x2b7 ..\obj\SDLED1.o
 .comment       0x00000000       0x71 ..\obj\SDLED1.o
 .debug_frame   0x00000000       0x34 ..\obj\SDLED1.o
 .ARM.attributes
                0x00000000       0x33 ..\obj\SDLED1.o
 .data          0x00000000        0x0 ..\obj\stm32f4xx_hal.o
 .text          0x00000000       0xbc ..\obj\LED.o
 .data          0x00000000        0x0 ..\obj\LED.o
 .bss           0x00000000        0x0 ..\obj\LED.o
 .debug_info    0x00000000      0x3eb ..\obj\LED.o
 .debug_abbrev  0x00000000       0xff ..\obj\LED.o
 .debug_aranges
                0x00000000       0x20 ..\obj\LED.o
 .debug_line    0x00000000      0x277 ..\obj\LED.o
 .debug_str     0x00000000      0x331 ..\obj\LED.o
 .comment       0x00000000       0x71 ..\obj\LED.o
 .debug_frame   0x00000000       0x34 ..\obj\LED.o
 .ARM.attributes
                0x00000000       0x33 ..\obj\LED.o
 .text          0x00000000        0x0 ..\obj\Message.o
 .data          0x00000000        0x0 ..\obj\Message.o
 .bss           0x00000000        0x1 ..\obj\Message.o
 .debug_info    0x00000000       0x4b ..\obj\Message.o
 .debug_abbrev  0x00000000       0x42 ..\obj\Message.o
 .debug_aranges
                0x00000000       0x18 ..\obj\Message.o
 .debug_line    0x00000000       0x5f ..\obj\Message.o
 .debug_str     0x00000000       0xba ..\obj\Message.o
 .comment       0x00000000       0x71 ..\obj\Message.o
 .ARM.attributes
                0x00000000       0x33 ..\obj\Message.o
 .text          0x00000000       0xd4 ..\obj\Task.o
 .data          0x00000000        0x0 ..\obj\Task.o
 .bss           0x00000000        0x0 ..\obj\Task.o
 .rodata        0x00000000       0x18 ..\obj\Task.o
 .debug_info    0x00000000      0x23c ..\obj\Task.o
 .debug_abbrev  0x00000000       0xd8 ..\obj\Task.o
 .debug_aranges
                0x00000000       0x20 ..\obj\Task.o
 .debug_line    0x00000000      0x13b ..\obj\Task.o
 .debug_str     0x00000000      0x1b4 ..\obj\Task.o
 .comment       0x00000000       0x71 ..\obj\Task.o
 .debug_frame   0x00000000       0x58 ..\obj\Task.o
 .ARM.attributes
                0x00000000       0x33 ..\obj\Task.o
 COMMON         0x00000000      0x820 ..\obj\Task.o
 .data          0x00000000        0x0 ..\obj\main.o
 .data          0x00000000        0x0 ..\obj\stm32f4xx_it.o
 .bss           0x00000000        0x0 ..\obj\stm32f4xx_it.o
 .data          0x00000000        0x0 ..\obj\stm32f4xx_hal_gpio.o
 .bss           0x00000000        0x0 ..\obj\stm32f4xx_hal_gpio.o
 .data          0x00000000        0x0 ..\obj\Button.o
 .bss           0x00000000        0x0 ..\obj\Button.o
 .text          0x00000000      0x104 ..\obj\LedSM.o
 .data          0x00000000        0x0 ..\obj\LedSM.o
 .bss           0x00000000        0x0 ..\obj\LedSM.o
 .debug_info    0x00000000      0x2ac ..\obj\LedSM.o
 .debug_abbrev  0x00000000      0x128 ..\obj\LedSM.o
 .debug_aranges
                0x00000000       0x20 ..\obj\LedSM.o
 .debug_line    0x00000000      0x2a7 ..\obj\LedSM.o
 .debug_str     0x00000000      0x2e5 ..\obj\LedSM.o
 .comment       0x00000000       0x71 ..\obj\LedSM.o
 .debug_frame   0x00000000       0x5c ..\obj\LedSM.o
 .ARM.attributes
                0x00000000       0x33 ..\obj\LedSM.o
 .data          0x00000000        0x0 ..\obj\Timer.o
 .data          0x00000000        0x0 ..\obj\stm32f4xx_hal_rcc.o
 .bss           0x00000000        0x0 ..\obj\stm32f4xx_hal_rcc.o
 .text          0x00000000       0x14 ..\obj\startup_stm32f429xx.o
 .data          0x00000000        0x0 ..\obj\startup_stm32f429xx.o
 .bss           0x00000000        0x0 ..\obj\startup_stm32f429xx.o
 .text          0x00000000       0x6c ..\obj\ButtonSM.o
 .data          0x00000000        0x0 ..\obj\ButtonSM.o
 .bss           0x00000000        0x0 ..\obj\ButtonSM.o
 .debug_info    0x00000000      0x1ba ..\obj\ButtonSM.o
 .debug_abbrev  0x00000000       0xde ..\obj\ButtonSM.o
 .debug_aranges
                0x00000000       0x20 ..\obj\ButtonSM.o
 .debug_line    0x00000000      0x1b3 ..\obj\ButtonSM.o
 .debug_str     0x00000000      0x276 ..\obj\ButtonSM.o
 .comment       0x00000000       0x71 ..\obj\ButtonSM.o
 .debug_frame   0x00000000       0x5c ..\obj\ButtonSM.o
 .ARM.attributes
                0x00000000       0x33 ..\obj\ButtonSM.o
 .text          0x00000000      0x100 ..\obj\SDLED2.o
 .data          0x00000000        0x0 ..\obj\SDLED2.o
 .bss           0x00000000        0x8 ..\obj\SDLED2.o
 .debug_info    0x00000000      0x26a ..\obj\SDLED2.o
 .debug_abbrev  0x00000000      0x10f ..\obj\SDLED2.o
 .debug_aranges
                0x00000000       0x20 ..\obj\SDLED2.o
 .debug_line    0x00000000      0x28a ..\obj\SDLED2.o
 .debug_str     0x00000000      0x2cc ..\obj\SDLED2.o
 .comment       0x00000000       0x71 ..\obj\SDLED2.o
 .debug_frame   0x00000000       0x34 ..\obj\SDLED2.o
 .ARM.attributes
                0x00000000       0x33 ..\obj\SDLED2.o
 .text          0x00000000        0x0 c:/program files/gnu tools arm embedded/4.9 2015q1/bin/../lib/gcc/arm-none-eabi/4.9.3/armv7e-m/crtend.o
 .data          0x00000000        0x0 c:/program files/gnu tools arm embedded/4.9 2015q1/bin/../lib/gcc/arm-none-eabi/4.9.3/armv7e-m/crtend.o
 .bss           0x00000000        0x0 c:/program files/gnu tools arm embedded/4.9 2015q1/bin/../lib/gcc/arm-none-eabi/4.9.3/armv7e-m/crtend.o
 .eh_frame      0x00000000        0x4 c:/program files/gnu tools arm embedded/4.9 2015q1/bin/../lib/gcc/arm-none-eabi/4.9.3/armv7e-m/crtend.o
 .jcr           0x00000000        0x4 c:/program files/gnu tools arm embedded/4.9 2015q1/bin/../lib/gcc/arm-none-eabi/4.9.3/armv7e-m/crtend.o
 .ARM.attributes
                0x00000000       0x2e c:/program files/gnu tools arm embedded/4.9 2015q1/bin/../lib/gcc/arm-none-eabi/4.9.3/armv7e-m/crtend.o
 .text          0x00000000        0x0 c:/program files/gnu tools arm embedded/4.9 2015q1/bin/../lib/gcc/arm-none-eabi/4.9.3/armv7e-m/crtn.o
 .data          0x00000000        0x0 c:/program files/gnu tools arm embedded/4.9 2015q1/bin/../lib/gcc/arm-none-eabi/4.9.3/armv7e-m/crtn.o
 .bss           0x00000000        0x0 c:/program files/gnu tools arm embedded/4.9 2015q1/bin/../lib/gcc/arm-none-eabi/4.9.3/armv7e-m/crtn.o

Memory Configuration

Name             Origin             Length             Attributes
FLASH            0x08000000         0x00100000         xr
RAM              0x20000000         0x00020000         xrw
CCMRAM           0x10000000         0x00010000         rw
*default*        0x00000000         0xffffffff

Linker script and memory map

LOAD c:/program files/gnu tools arm embedded/4.9 2015q1/bin/../lib/gcc/arm-none-eabi/4.9.3/armv7e-m/crti.o
LOAD c:/program files/gnu tools arm embedded/4.9 2015q1/bin/../lib/gcc/arm-none-eabi/4.9.3/armv7e-m/crtbegin.o
LOAD c:/program files/gnu tools arm embedded/4.9 2015q1/bin/../lib/gcc/arm-none-eabi/4.9.3/../../../../arm-none-eabi/lib/armv7e-m/crt0.o
                0x2001ffff                _estack = 0x2001ffff
                0x00000200                _Min_Heap_Size = 0x200
                0x00000400                _Min_Stack_Size = 0x400

.isr_vector     0x08000000      0x1ac
                0x08000000                . = ALIGN (0x4)
 *(.isr_vector)
 .isr_vector    0x08000000      0x1ac ..\obj\startup_stm32f429xx.o
                0x08000000                g_pfnVectors
                0x080001ac                . = ALIGN (0x4)

.text           0x08000200     0x266c
                0x08000200                . = ALIGN (0x4)
 *(.text)
 .text          0x08000200       0x5c c:/program files/gnu tools arm embedded/4.9 2015q1/bin/../lib/gcc/arm-none-eabi/4.9.3/armv7e-m/crtbegin.o
 .text          0x0800025c      0x154 ..\obj\system_stm32f4xx.o
                0x0800025c                SystemInit
                0x080002b8                SystemCoreClockUpdate
 .text          0x080003b0      0x544 ..\obj\stm32f4xx_hal_cortex.o
                0x08000744                HAL_NVIC_SetPriorityGrouping
                0x08000758                HAL_NVIC_SetPriority
                0x08000790                HAL_NVIC_EnableIRQ
                0x080007ac                HAL_NVIC_DisableIRQ
                0x080007c8                HAL_NVIC_SystemReset
                0x080007d4                HAL_SYSTICK_Config
                0x080007ec                HAL_NVIC_GetPriorityGrouping
                0x080007fc                HAL_NVIC_GetPriority
                0x0800082c                HAL_NVIC_SetPendingIRQ
                0x08000848                HAL_NVIC_GetPendingIRQ
                0x08000868                HAL_NVIC_ClearPendingIRQ
                0x08000884                HAL_NVIC_GetActive
                0x080008a4                HAL_SYSTICK_CLKSourceConfig
                0x080008dc                HAL_SYSTICK_IRQHandler
                0x080008e8                HAL_SYSTICK_Callback
 .text          0x080008f4      0x374 ..\obj\stm32f4xx_hal.o
                0x080008f4                HAL_Init
                0x08000938                HAL_DeInit
                0x08000990                HAL_MspInit
                0x0800099c                HAL_MspDeInit
                0x080009a8                HAL_InitTick
                0x080009e0                HAL_IncTick
                0x080009fc                HAL_GetTick
                0x08000a14                HAL_Delay
                0x08000a40                HAL_SuspendTick
                0x08000a5c                HAL_ResumeTick
                0x08000a78                HAL_GetHalVersion
                0x08000a8c                HAL_GetREVID
                0x08000aa4                HAL_GetDEVID
                0x08000ac0                HAL_DBGMCU_EnableDBGSleepMode
                0x08000adc                HAL_DBGMCU_DisableDBGSleepMode
                0x08000af8                HAL_DBGMCU_EnableDBGStopMode
                0x08000b14                HAL_DBGMCU_DisableDBGStopMode
                0x08000b30                HAL_DBGMCU_EnableDBGStandbyMode
                0x08000b4c                HAL_DBGMCU_DisableDBGStandbyMode
                0x08000b68                HAL_EnableCompensationCell
                0x08000ba8                HAL_DisableCompensationCell
                0x08000be8                HAL_EnableMemorySwappingBank
                0x08000c28                HAL_DisableMemorySwappingBank
 .text          0x08000c68      0x25c ..\obj\main.o
                0x08000d00                main
                0x08000d10                initSysTick
                0x08000d38                LED1
                0x08000d9c                LED2
                0x08000e00                LED3
 .text          0x08000ec4       0x50 ..\obj\stm32f4xx_it.o
                0x08000ec4                NMI_Handler
                0x08000ed0                HardFault_Handler
                0x08000ed8                MemManage_Handler
                0x08000ee0                BusFault_Handler
                0x08000ee8                UsageFault_Handler
                0x08000ef0                SVC_Handler
                0x08000efc                DebugMon_Handler
                0x08000f08                PendSV_Handler
 .text          0x08000f14      0x674 ..\obj\stm32f4xx_hal_gpio.o
                0x08000f14                HAL_GPIO_Init
                0x0800125c                HAL_GPIO_DeInit
                0x08001470                HAL_GPIO_ReadPin
                0x080014a0                HAL_GPIO_WritePin
                0x080014d0                HAL_GPIO_TogglePin
                0x080014f4                HAL_GPIO_LockPin
                0x08001544                HAL_GPIO_EXTI_IRQHandler
                0x08001574                HAL_GPIO_EXTI_Callback
 .text          0x08001588       0x60 ..\obj\Button.o
                0x08001588                initButton
                0x080015d0                buttonStat
 .text          0x080015e8      0x10c ..\obj\Timer.o
                0x080015e8                getCurrentTime
                0x080015fc                delay
                0x0800162c                waitForDelay
                0x08001664                halfSecHasNotExpired
                0x08001694                oneHundredMiliSecHasNotExpired
                0x080016c4                threeHundredSecHasNotExpired
 .text          0x080016f4      0xd74 ..\obj\stm32f4xx_hal_rcc.o
                0x080016f4                HAL_RCC_DeInit
                0x0800176c                HAL_RCC_OscConfig
                0x08001c24                HAL_RCC_ClockConfig
                0x08001f40                HAL_RCC_MCOConfig
                0x08002004                HAL_RCC_EnableCSS
                0x0800201c                HAL_RCC_DisableCSS
                0x08002034                HAL_RCC_GetSysClockFreq
                0x0800214c                HAL_RCC_GetHCLKFreq
                0x080021a4                HAL_RCC_GetPCLK1Freq
                0x080021f0                HAL_RCC_GetPCLK2Freq
                0x0800223c                HAL_RCC_GetOscConfig
                0x080023d8                HAL_RCC_GetClockConfig
                0x08002438                HAL_RCC_NMI_IRQHandler
                0x0800245c                HAL_RCC_CSSCallback
 *(.text*)
 .text.__libc_init_array
                0x08002468       0x50 c:/program files/gnu tools arm embedded/4.9 2015q1/bin/../lib/gcc/arm-none-eabi/4.9.3/../../../../arm-none-eabi/lib/armv7e-m\libc.a(lib_a-init.o)
                0x08002468                __libc_init_array
 .text.startup.register_fini
                0x080024b8       0x14 c:/program files/gnu tools arm embedded/4.9 2015q1/bin/../lib/gcc/arm-none-eabi/4.9.3/../../../../arm-none-eabi/lib/armv7e-m\libc.a(lib_a-__call_atexit.o)
 .text.atexit   0x080024cc        0xc c:/program files/gnu tools arm embedded/4.9 2015q1/bin/../lib/gcc/arm-none-eabi/4.9.3/../../../../arm-none-eabi/lib/armv7e-m\libc.a(lib_a-atexit.o)
                0x080024cc                atexit
 .text.__libc_fini_array
                0x080024d8       0x2c c:/program files/gnu tools arm embedded/4.9 2015q1/bin/../lib/gcc/arm-none-eabi/4.9.3/../../../../arm-none-eabi/lib/armv7e-m\libc.a(lib_a-fini.o)
                0x080024d8                __libc_fini_array
 .text.__register_exitproc
                0x08002504       0xa4 c:/program files/gnu tools arm embedded/4.9 2015q1/bin/../lib/gcc/arm-none-eabi/4.9.3/../../../../arm-none-eabi/lib/armv7e-m\libc.a(lib_a-__atexit.o)
                0x08002504                __register_exitproc
 *fill*         0x080025a8       0x58 
 .text.taskSwitch
                0x08002600      0x200 ..\obj\Scheduler.o
                0x08002600                taskSwitch
                0x08002700                SysTick_Handler
 .text.Reset_Handler
                0x08002800       0x50 ..\obj\startup_stm32f429xx.o
                0x08002800                Reset_Handler
 .text.Default_Handler
                0x08002850        0x2 ..\obj\startup_stm32f429xx.o
                0x08002850                RTC_Alarm_IRQHandler
                0x08002850                HASH_RNG_IRQHandler
                0x08002850                EXTI2_IRQHandler
                0x08002850                TIM8_CC_IRQHandler
                0x08002850                UART8_IRQHandler
                0x08002850                SPI4_IRQHandler
                0x08002850                TIM1_CC_IRQHandler
                0x08002850                DMA2_Stream5_IRQHandler
                0x08002850                DMA1_Stream5_IRQHandler
                0x08002850                PVD_IRQHandler
                0x08002850                SDIO_IRQHandler
                0x08002850                TAMP_STAMP_IRQHandler
                0x08002850                CAN2_RX1_IRQHandler
                0x08002850                EXTI3_IRQHandler
                0x08002850                TIM8_TRG_COM_TIM14_IRQHandler
                0x08002850                TIM1_UP_TIM10_IRQHandler
                0x08002850                TIM8_UP_TIM13_IRQHandler
                0x08002850                I2C3_ER_IRQHandler
                0x08002850                EXTI0_IRQHandler
                0x08002850                I2C2_EV_IRQHandler
                0x08002850                DMA1_Stream2_IRQHandler
                0x08002850                CAN1_RX0_IRQHandler
                0x08002850                FPU_IRQHandler
                0x08002850                OTG_HS_WKUP_IRQHandler
                0x08002850                LTDC_ER_IRQHandler
                0x08002850                CAN2_SCE_IRQHandler
                0x08002850                DMA2_Stream2_IRQHandler
                0x08002850                SPI1_IRQHandler
                0x08002850                TIM6_DAC_IRQHandler
                0x08002850                TIM1_BRK_TIM9_IRQHandler
                0x08002850                DCMI_IRQHandler
                0x08002850                CAN2_RX0_IRQHandler
                0x08002850                DMA2_Stream3_IRQHandler
                0x08002850                USART6_IRQHandler
                0x08002850                USART3_IRQHandler
                0x08002850                CAN1_RX1_IRQHandler
                0x08002850                UART5_IRQHandler
                0x08002850                DMA2_Stream0_IRQHandler
                0x08002850                TIM4_IRQHandler
                0x08002850                I2C1_EV_IRQHandler
                0x08002850                DMA1_Stream6_IRQHandler
                0x08002850                DMA1_Stream1_IRQHandler
                0x08002850                UART4_IRQHandler
                0x08002850                TIM3_IRQHandler
                0x08002850                RCC_IRQHandler
                0x08002850                TIM8_BRK_TIM12_IRQHandler
                0x08002850                Default_Handler
                0x08002850                EXTI15_10_IRQHandler
                0x08002850                ADC_IRQHandler
                0x08002850                DMA1_Stream7_IRQHandler
                0x08002850                SPI5_IRQHandler
                0x08002850                TIM7_IRQHandler
                0x08002850                CAN2_TX_IRQHandler
                0x08002850                TIM5_IRQHandler
                0x08002850                DMA2_Stream7_IRQHandler
                0x08002850                I2C3_EV_IRQHandler
                0x08002850                EXTI9_5_IRQHandler
                0x08002850                RTC_WKUP_IRQHandler
                0x08002850                LTDC_IRQHandler
                0x08002850                ETH_WKUP_IRQHandler
                0x08002850                SPI2_IRQHandler
                0x08002850                OTG_HS_EP1_IN_IRQHandler
                0x08002850                DMA1_Stream0_IRQHandler
                0x08002850                CAN1_TX_IRQHandler
                0x08002850                EXTI4_IRQHandler
                0x08002850                ETH_IRQHandler
                0x08002850                OTG_HS_EP1_OUT_IRQHandler
                0x08002850                WWDG_IRQHandler
                0x08002850                SPI6_IRQHandler
                0x08002850                TIM2_IRQHandler
                0x08002850                OTG_FS_WKUP_IRQHandler
                0x08002850                TIM1_TRG_COM_TIM11_IRQHandler
                0x08002850                OTG_HS_IRQHandler
                0x08002850                DMA2D_IRQHandler
                0x08002850                EXTI1_IRQHandler
                0x08002850                UART7_IRQHandler
                0x08002850                USART2_IRQHandler
                0x08002850                I2C2_ER_IRQHandler
                0x08002850                DMA2_Stream1_IRQHandler
                0x08002850                CAN1_SCE_IRQHandler
                0x08002850                FLASH_IRQHandler
                0x08002850                DMA2_Stream4_IRQHandler
                0x08002850                USART1_IRQHandler
                0x08002850                OTG_FS_IRQHandler
                0x08002850                SPI3_IRQHandler
                0x08002850                DMA1_Stream4_IRQHandler
                0x08002850                I2C1_ER_IRQHandler
                0x08002850                FMC_IRQHandler
                0x08002850                DMA2_Stream6_IRQHandler
                0x08002850                SAI1_IRQHandler
                0x08002850                DMA1_Stream3_IRQHandler
 *(.glue_7)
 .glue_7        0x00000000        0x0 linker stubs
 *(.glue_7t)
 .glue_7t       0x00000000        0x0 linker stubs
 *(.eh_frame)
 *fill*         0x08002852        0x2 
 .eh_frame      0x08002854        0x0 c:/program files/gnu tools arm embedded/4.9 2015q1/bin/../lib/gcc/arm-none-eabi/4.9.3/armv7e-m/crtbegin.o
 *(.init)
 .init          0x08002854        0x4 c:/program files/gnu tools arm embedded/4.9 2015q1/bin/../lib/gcc/arm-none-eabi/4.9.3/armv7e-m/crti.o
                0x08002854                _init
 .init          0x08002858        0x8 c:/program files/gnu tools arm embedded/4.9 2015q1/bin/../lib/gcc/arm-none-eabi/4.9.3/armv7e-m/crtn.o
 *(.fini)
 .fini          0x08002860        0x4 c:/program files/gnu tools arm embedded/4.9 2015q1/bin/../lib/gcc/arm-none-eabi/4.9.3/armv7e-m/crti.o
                0x08002860                _fini
 .fini          0x08002864        0x8 c:/program files/gnu tools arm embedded/4.9 2015q1/bin/../lib/gcc/arm-none-eabi/4.9.3/armv7e-m/crtn.o
                0x0800286c                . = ALIGN (0x4)
                0x0800286c                _etext = .

.vfp11_veneer   0x0800286c        0x0
 .vfp11_veneer  0x00000000        0x0 linker stubs

.v4_bx          0x0800286c        0x0
 .v4_bx         0x00000000        0x0 linker stubs

.iplt           0x0800286c        0x0
 .iplt          0x00000000        0x0 c:/program files/gnu tools arm embedded/4.9 2015q1/bin/../lib/gcc/arm-none-eabi/4.9.3/armv7e-m/crtbegin.o

.rodata         0x0800286c       0x18
                0x0800286c                . = ALIGN (0x4)
 *(.rodata)
 .rodata        0x0800286c       0x10 ..\obj\stm32f4xx_hal_rcc.o
                0x0800286c                APBAHBPrescTable
 *(.rodata*)
 .rodata.str1.4
                0x0800287c        0x4 c:/program files/gnu tools arm embedded/4.9 2015q1/bin/../lib/gcc/arm-none-eabi/4.9.3/../../../../arm-none-eabi/lib/armv7e-m\libc.a(lib_a-impure.o)
 .rodata._global_impure_ptr
                0x08002880        0x4 c:/program files/gnu tools arm embedded/4.9 2015q1/bin/../lib/gcc/arm-none-eabi/4.9.3/../../../../arm-none-eabi/lib/armv7e-m\libc.a(lib_a-impure.o)
                0x08002880                _global_impure_ptr
                0x08002884                . = ALIGN (0x4)

.rel.dyn        0x08002884        0x0
 .rel.iplt      0x00000000        0x0 c:/program files/gnu tools arm embedded/4.9 2015q1/bin/../lib/gcc/arm-none-eabi/4.9.3/armv7e-m/crtbegin.o

.ARM.extab
 *(.ARM.extab* .gnu.linkonce.armextab.*)

.ARM            0x08002884        0x0
                0x08002884                __exidx_start = .
 *(.ARM.exidx*)
                0x08002884                __exidx_end = .

.preinit_array  0x08002884        0x0
                0x08002884                PROVIDE (__preinit_array_start, .)
 *(.preinit_array*)
                0x08002884                PROVIDE (__preinit_array_end, .)

.init_array     0x08002884        0x8
                0x08002884                PROVIDE (__init_array_start, .)
 *(SORT(.init_array.*))
 .init_array.00000
                0x08002884        0x4 c:/program files/gnu tools arm embedded/4.9 2015q1/bin/../lib/gcc/arm-none-eabi/4.9.3/../../../../arm-none-eabi/lib/armv7e-m\libc.a(lib_a-__call_atexit.o)
 *(.init_array*)
 .init_array    0x08002888        0x4 c:/program files/gnu tools arm embedded/4.9 2015q1/bin/../lib/gcc/arm-none-eabi/4.9.3/armv7e-m/crtbegin.o
                0x0800288c                PROVIDE (__init_array_end, .)

.fini_array     0x0800288c        0x4
                0x0800288c                PROVIDE (__fini_array_start, .)
 *(SORT(.fini_array.*))
 *(.fini_array*)
 .fini_array    0x0800288c        0x4 c:/program files/gnu tools arm embedded/4.9 2015q1/bin/../lib/gcc/arm-none-eabi/4.9.3/armv7e-m/crtbegin.o
                0x08002890                PROVIDE (__fini_array_end, .)
                0x08002890                _sidata = LOADADDR (.data)

.data           0x20000000      0x440 load address 0x08002890
                0x20000000                . = ALIGN (0x4)
                0x20000000                _sdata = .
 *(.data)
 .data          0x20000000       0x14 ..\obj\system_stm32f4xx.o
                0x20000000                SystemCoreClock
                0x20000004                AHBPrescTable
 *(.data*)
 *fill*         0x20000014        0x4 
 .data.impure_data
                0x20000018      0x428 c:/program files/gnu tools arm embedded/4.9 2015q1/bin/../lib/gcc/arm-none-eabi/4.9.3/../../../../arm-none-eabi/lib/armv7e-m\libc.a(lib_a-impure.o)
                0x20000440                . = ALIGN (0x4)
                0x20000440                _edata = .
                0x08002cd0                _siccmram = LOADADDR (.ccmram)

.jcr            0x20000440        0x0 load address 0x08002cd0
 .jcr           0x20000440        0x0 c:/program files/gnu tools arm embedded/4.9 2015q1/bin/../lib/gcc/arm-none-eabi/4.9.3/armv7e-m/crtbegin.o

.igot.plt       0x20000440        0x0 load address 0x08002cd0
 .igot.plt      0x00000000        0x0 c:/program files/gnu tools arm embedded/4.9 2015q1/bin/../lib/gcc/arm-none-eabi/4.9.3/armv7e-m/crtbegin.o

.ccmram         0x10000000        0x0 load address 0x08002cd0
                0x10000000                . = ALIGN (0x4)
                0x10000000                _sccmram = .
 *(.ccmram)
 *(.ccmram*)
                0x10000000                . = ALIGN (0x4)
                0x10000000                _eccmram = .
                0x10000000                . = ALIGN (0x4)

.bss            0x20000440       0x40
                0x20000440                _sbss = .
                0x20000440                __bss_start__ = _sbss
 *(.bss)
 .bss           0x20000440       0x1c c:/program files/gnu tools arm embedded/4.9 2015q1/bin/../lib/gcc/arm-none-eabi/4.9.3/armv7e-m/crtbegin.o
 .bss           0x2000045c        0x4 ..\obj\stm32f4xx_hal.o
 .bss           0x20000460        0x8 ..\obj\main.o
 .bss           0x20000468       0x18 ..\obj\Timer.o
 *(.bss*)
 *(COMMON)
                0x20000480                . = ALIGN (0x4)
                0x20000480                _ebss = .
                0x20000480                __bss_end__ = _ebss

._user_heap_stack
                0x20000480      0x600
                0x20000480                . = ALIGN (0x4)
                0x20000480                PROVIDE (end, .)
                0x20000480                PROVIDE (_end, .)
                0x20000680                . = (. + _Min_Heap_Size)
 *fill*         0x20000480      0x200 
                0x20000a80                . = (. + _Min_Stack_Size)
 *fill*         0x20000680      0x400 
                0x20000a80                . = ALIGN (0x4)

/DISCARD/
 libc.a(*)
 libm.a(*)
 libgcc.a(*)

.ARM.attributes
                0x00000000       0x2a
 *(.ARM.attributes)
 .ARM.attributes
                0x00000000       0x1e c:/program files/gnu tools arm embedded/4.9 2015q1/bin/../lib/gcc/arm-none-eabi/4.9.3/armv7e-m/crti.o
 .ARM.attributes
                0x0000001e       0x2e c:/program files/gnu tools arm embedded/4.9 2015q1/bin/../lib/gcc/arm-none-eabi/4.9.3/armv7e-m/crtbegin.o
 .ARM.attributes
                0x0000004c       0x33 ..\obj\system_stm32f4xx.o
 .ARM.attributes
                0x0000007f       0x21 ..\obj\Scheduler.o
 .ARM.attributes
                0x000000a0       0x33 ..\obj\stm32f4xx_hal_cortex.o
 .ARM.attributes
                0x000000d3       0x33 ..\obj\stm32f4xx_hal.o
 .ARM.attributes
                0x00000106       0x33 ..\obj\main.o
 .ARM.attributes
                0x00000139       0x33 ..\obj\stm32f4xx_it.o
 .ARM.attributes
                0x0000016c       0x33 ..\obj\stm32f4xx_hal_gpio.o
 .ARM.attributes
                0x0000019f       0x33 ..\obj\Button.o
 .ARM.attributes
                0x000001d2       0x33 ..\obj\Timer.o
 .ARM.attributes
                0x00000205       0x33 ..\obj\stm32f4xx_hal_rcc.o
 .ARM.attributes
                0x00000238       0x21 ..\obj\startup_stm32f429xx.o
 .ARM.attributes
                0x00000259       0x1e c:/program files/gnu tools arm embedded/4.9 2015q1/bin/../lib/gcc/arm-none-eabi/4.9.3/armv7e-m/crtn.o
LOAD ..\obj\system_stm32f4xx.o
LOAD ..\obj\Scheduler.o
LOAD ..\obj\stm32f4xx_hal_cortex.o
LOAD ..\obj\SDLED3.o
LOAD ..\obj\SDLED1.o
LOAD ..\obj\stm32f4xx_hal.o
LOAD ..\obj\LED.o
LOAD ..\obj\Message.o
LOAD ..\obj\Task.o
LOAD ..\obj\main.o
LOAD ..\obj\stm32f4xx_it.o
LOAD ..\obj\stm32f4xx_hal_gpio.o
LOAD ..\obj\Button.o
LOAD ..\obj\LedSM.o
LOAD ..\obj\Timer.o
LOAD ..\obj\stm32f4xx_hal_rcc.o
LOAD ..\obj\startup_stm32f429xx.o
LOAD ..\obj\ButtonSM.o
LOAD ..\obj\SDLED2.o
START GROUP
LOAD c:/program files/gnu tools arm embedded/4.9 2015q1/bin/../lib/gcc/arm-none-eabi/4.9.3/armv7e-m\libgcc.a
LOAD c:/program files/gnu tools arm embedded/4.9 2015q1/bin/../lib/gcc/arm-none-eabi/4.9.3/../../../../arm-none-eabi/lib/armv7e-m\libg.a
LOAD c:/program files/gnu tools arm embedded/4.9 2015q1/bin/../lib/gcc/arm-none-eabi/4.9.3/../../../../arm-none-eabi/lib/armv7e-m\libc.a
END GROUP
LOAD c:/program files/gnu tools arm embedded/4.9 2015q1/bin/../lib/gcc/arm-none-eabi/4.9.3/armv7e-m/crtend.o
LOAD c:/program files/gnu tools arm embedded/4.9 2015q1/bin/../lib/gcc/arm-none-eabi/4.9.3/armv7e-m/crtn.o
OUTPUT(exploreCC.elf elf32-littlearm)

.debug_info     0x00000000     0x401c
 .debug_info    0x00000000      0x4b4 ..\obj\system_stm32f4xx.o
 .debug_info    0x000004b4       0x94 ..\obj\Scheduler.o
 .debug_info    0x00000548      0xbac ..\obj\stm32f4xx_hal_cortex.o
 .debug_info    0x000010f4      0xa1c ..\obj\stm32f4xx_hal.o
 .debug_info    0x00001b10      0x86a ..\obj\main.o
 .debug_info    0x0000237a      0x129 ..\obj\stm32f4xx_it.o
 .debug_info    0x000024a3      0x712 ..\obj\stm32f4xx_hal_gpio.o
 .debug_info    0x00002bb5      0x3c8 ..\obj\Button.o
 .debug_info    0x00002f7d      0x1de ..\obj\Timer.o
 .debug_info    0x0000315b      0xe27 ..\obj\stm32f4xx_hal_rcc.o
 .debug_info    0x00003f82       0x9a ..\obj\startup_stm32f429xx.o

.debug_abbrev   0x00000000      0xdf7
 .debug_abbrev  0x00000000       0xff ..\obj\system_stm32f4xx.o
 .debug_abbrev  0x000000ff       0x14 ..\obj\Scheduler.o
 .debug_abbrev  0x00000113      0x299 ..\obj\stm32f4xx_hal_cortex.o
 .debug_abbrev  0x000003ac      0x1ff ..\obj\stm32f4xx_hal.o
 .debug_abbrev  0x000005ab      0x1f0 ..\obj\main.o
 .debug_abbrev  0x0000079b       0x67 ..\obj\stm32f4xx_it.o
 .debug_abbrev  0x00000802      0x1aa ..\obj\stm32f4xx_hal_gpio.o
 .debug_abbrev  0x000009ac      0x10c ..\obj\Button.o
 .debug_abbrev  0x00000ab8       0xd3 ..\obj\Timer.o
 .debug_abbrev  0x00000b8b      0x25a ..\obj\stm32f4xx_hal_rcc.o
 .debug_abbrev  0x00000de5       0x12 ..\obj\startup_stm32f429xx.o

.debug_aranges  0x00000000      0x168
 .debug_aranges
                0x00000000       0x20 ..\obj\system_stm32f4xx.o
 .debug_aranges
                0x00000020       0x20 ..\obj\Scheduler.o
 .debug_aranges
                0x00000040       0x20 ..\obj\stm32f4xx_hal_cortex.o
 .debug_aranges
                0x00000060       0x20 ..\obj\stm32f4xx_hal.o
 .debug_aranges
                0x00000080       0x20 ..\obj\main.o
 .debug_aranges
                0x000000a0       0x20 ..\obj\stm32f4xx_it.o
 .debug_aranges
                0x000000c0       0x20 ..\obj\stm32f4xx_hal_gpio.o
 .debug_aranges
                0x000000e0       0x20 ..\obj\Button.o
 .debug_aranges
                0x00000100       0x20 ..\obj\Timer.o
 .debug_aranges
                0x00000120       0x20 ..\obj\stm32f4xx_hal_rcc.o
 .debug_aranges
                0x00000140       0x28 ..\obj\startup_stm32f429xx.o

.debug_line     0x00000000     0x1e0c
 .debug_line    0x00000000      0x25b ..\obj\system_stm32f4xx.o
 .debug_line    0x0000025b       0x88 ..\obj\Scheduler.o
 .debug_line    0x000002e3      0x36f ..\obj\stm32f4xx_hal_cortex.o
 .debug_line    0x00000652      0x3a3 ..\obj\stm32f4xx_hal.o
 .debug_line    0x000009f5      0x2ea ..\obj\main.o
 .debug_line    0x00000cdf      0x1ea ..\obj\stm32f4xx_it.o
 .debug_line    0x00000ec9      0x499 ..\obj\stm32f4xx_hal_gpio.o
 .debug_line    0x00001362      0x271 ..\obj\Button.o
 .debug_line    0x000015d3      0x19f ..\obj\Timer.o
 .debug_line    0x00001772      0x5fe ..\obj\stm32f4xx_hal_rcc.o
 .debug_line    0x00001d70       0x9c ..\obj\startup_stm32f429xx.o

.debug_str      0x00000000     0x162b
 .debug_str     0x00000000      0x311 ..\obj\system_stm32f4xx.o
                                0x371 (size before relaxing)
 .debug_str     0x00000311      0x87b ..\obj\stm32f4xx_hal_cortex.o
                                0xb43 (size before relaxing)
 .debug_str     0x00000b8c      0x301 ..\obj\stm32f4xx_hal.o
                                0xb08 (size before relaxing)
 .debug_str     0x00000e8d       0xbe ..\obj\main.o
                                0x8b3 (size before relaxing)
 .debug_str     0x00000f4b       0xf8 ..\obj\stm32f4xx_it.o
                                0x24a (size before relaxing)
 .debug_str     0x00001043      0x1bf ..\obj\stm32f4xx_hal_gpio.o
                                0x507 (size before relaxing)
 .debug_str     0x00001202       0x52 ..\obj\Button.o
                                0x33f (size before relaxing)
 .debug_str     0x00001254       0xd8 ..\obj\Timer.o
                                0x24a (size before relaxing)
 .debug_str     0x0000132c      0x2ff ..\obj\stm32f4xx_hal_rcc.o
                                0x6c1 (size before relaxing)

.comment        0x00000000       0x70
 .comment       0x00000000       0x70 ..\obj\system_stm32f4xx.o
                                 0x71 (size before relaxing)
 .comment       0x00000000       0x71 ..\obj\stm32f4xx_hal_cortex.o
 .comment       0x00000000       0x71 ..\obj\stm32f4xx_hal.o
 .comment       0x00000000       0x71 ..\obj\main.o
 .comment       0x00000000       0x71 ..\obj\stm32f4xx_it.o
 .comment       0x00000000       0x71 ..\obj\stm32f4xx_hal_gpio.o
 .comment       0x00000000       0x71 ..\obj\Button.o
 .comment       0x00000000       0x71 ..\obj\Timer.o
 .comment       0x00000000       0x71 ..\obj\stm32f4xx_hal_rcc.o

.debug_frame    0x00000000      0xde8
 .debug_frame   0x00000000       0x58 ..\obj\system_stm32f4xx.o
 .debug_frame   0x00000058      0x428 ..\obj\stm32f4xx_hal_cortex.o
 .debug_frame   0x00000480      0x310 ..\obj\stm32f4xx_hal.o
 .debug_frame   0x00000790      0x100 ..\obj\main.o
 .debug_frame   0x00000890       0xf0 ..\obj\stm32f4xx_it.o
 .debug_frame   0x00000980      0x14c ..\obj\stm32f4xx_hal_gpio.o
 .debug_frame   0x00000acc       0x50 ..\obj\Button.o
 .debug_frame   0x00000b1c       0xc8 ..\obj\Timer.o
 .debug_frame   0x00000be4      0x204 ..\obj\stm32f4xx_hal_rcc.o

.debug_ranges   0x00000000       0x20
 .debug_ranges  0x00000000       0x20 ..\obj\startup_stm32f429xx.o
